[Tue Nov 04 12:46:32.460987 2025] [php7:warn] [pid 18935] [client 10.212.134.2:52474] PHP Warning:  mysqli_num_rows() expects parameter 1 to be mysqli_result, null given in /home/anmata/public_html/lostandfound/login.php on line 13, referer: http://10.60.36.1/~anmata/lostandfound/login.php
[Tue Nov 04 12:46:37.260215 2025] [php7:warn] [pid 26877] [client 10.212.134.2:65496] PHP Warning:  include(db_connection.php): failed to open stream: No such file or directory in /home/anmata/public_html/lostandfound/login.php on line 3, referer: http://10.60.36.1/~anmata/lostandfound/login.php
[Tue Nov 04 12:46:37.260238 2025] [php7:warn] [pid 26877] [client 10.212.134.2:65496] PHP Warning:  include(): Failed opening 'db_connection.php' for inclusion (include_path='.:/usr/share/php7:/usr/share/php7/PEAR') in /home/anmata/public_html/lostandfound/login.php on line 3, referer: http://10.60.36.1/~anmata/lostandfound/login.php
[Tue Nov 04 12:46:37.260245 2025] [php7:notice] [pid 26877] [client 10.212.134.2:65496] PHP Notice:  Undefined variable: conn in /home/anmata/public_html/lostandfound/login.php on line 11, referer: http://10.60.36.1/~anmata/lostandfound/login.php
[Tue Nov 04 12:46:37.260251 2025] [php7:warn] [pid 26877] [client 10.212.134.2:65496] PHP Warning:  mysqli_query() expects parameter 1 to be mysqli, null given in /home/anmata/public_html/lostandfound/login.php on line 11, referer: http://10.60.36.1/~anmata/lostandfound/login.php
[Tue Nov 04 12:46:37.260254 2025] [php7:warn] [pid 26877] [client 10.212.134.2:65496] PHP Warning:  mysqli_num_rows() expects parameter 1 to be mysqli_result, null given in /home/anmata/public_html/lostandfound/login.php on line 13, referer: http://10.60.36.1/~anmata/lostandfound/login.php
[Tue Nov 04 12:46:59.143863 2025] [php7:warn] [pid 26865] [client 10.212.134.2:50502] PHP Warning:  include(db_connection.php): failed to open stream: No such file or directory in /home/anmata/public_html/lostandfound/login.php on line 3
[Tue Nov 04 12:46:59.143880 2025] [php7:warn] [pid 26865] [client 10.212.134.2:50502] PHP Warning:  include(): Failed opening 'db_connection.php' for inclusion (include_path='.:/usr/share/php7:/usr/share/php7/PEAR') in /home/anmata/public_html/lostandfound/login.php on line 3
[Tue Nov 04 12:47:12.719638 2025] [php7:warn] [pid 26867] [client 10.212.134.2:60255] PHP Warning:  include(db_connection.php): failed to open stream: No such file or directory in /home/anmata/public_html/lostandfound/login.php on line 3
[Tue Nov 04 12:47:12.719658 2025] [php7:warn] [pid 26867] [client 10.212.134.2:60255] PHP Warning:  include(): Failed opening 'db_connection.php' for inclusion (include_path='.:/usr/share/php7:/usr/share/php7/PEAR') in /home/anmata/public_html/lostandfound/login.php on line 3
[Tue Nov 04 12:55:37.701425 2025] [php7:warn] [pid 18986] [client 10.212.134.2:50064] PHP Warning:  include(db_connection.php): failed to open stream: No such file or directory in /home/anmata/public_html/lostandfound/login.php on line 3
[Tue Nov 04 12:55:37.701458 2025] [php7:warn] [pid 18986] [client 10.212.134.2:50064] PHP Warning:  include(): Failed opening 'db_connection.php' for inclusion (include_path='.:/usr/share/php7:/usr/share/php7/PEAR') in /home/anmata/public_html/lostandfound/login.php on line 3
[Tue Nov 04 12:55:44.412689 2025] [php7:warn] [pid 19010] [client 10.212.134.2:57229] PHP Warning:  include(db_connection.php): failed to open stream: No such file or directory in /home/anmata/public_html/lostandfound/login.php on line 3
[Tue Nov 04 12:55:44.412725 2025] [php7:warn] [pid 19010] [client 10.212.134.2:57229] PHP Warning:  include(): Failed opening 'db_connection.php' for inclusion (include_path='.:/usr/share/php7:/usr/share/php7/PEAR') in /home/anmata/public_html/lostandfound/login.php on line 3
[Tue Nov 04 12:55:58.312800 2025] [php7:warn] [pid 18917] [client 10.212.134.2:62245] PHP Warning:  include(db_connection.php): failed to open stream: No such file or directory in /home/anmata/public_html/lostandfound/login.php on line 3, referer: http://10.60.36.1/~anmata/lostandfound/login.php
[Tue Nov 04 12:55:58.312826 2025] [php7:warn] [pid 18917] [client 10.212.134.2:62245] PHP Warning:  include(): Failed opening 'db_connection.php' for inclusion (include_path='.:/usr/share/php7:/usr/share/php7/PEAR') in /home/anmata/public_html/lostandfound/login.php on line 3, referer: http://10.60.36.1/~anmata/lostandfound/login.php
[Tue Nov 04 12:55:58.312833 2025] [php7:notice] [pid 18917] [client 10.212.134.2:62245] PHP Notice:  Undefined variable: conn in /home/anmata/public_html/lostandfound/login.php on line 11, referer: http://10.60.36.1/~anmata/lostandfound/login.php
[Tue Nov 04 12:55:58.312840 2025] [php7:warn] [pid 18917] [client 10.212.134.2:62245] PHP Warning:  mysqli_query() expects parameter 1 to be mysqli, null given in /home/anmata/public_html/lostandfound/login.php on line 11, referer: http://10.60.36.1/~anmata/lostandfound/login.php
[Tue Nov 04 12:55:58.312844 2025] [php7:warn] [pid 18917] [client 10.212.134.2:62245] PHP Warning:  mysqli_num_rows() expects parameter 1 to be mysqli_result, null given in /home/anmata/public_html/lostandfound/login.php on line 13, referer: http://10.60.36.1/~anmata/lostandfound/login.php
[Tue Nov 04 12:56:55.897311 2025] [php7:warn] [pid 26866] [client 10.212.134.2:58796] PHP Warning:  include(db_connection.php): failed to open stream: No such file or directory in /home/anmata/public_html/lostandfound/login.php on line 3
[Tue Nov 04 12:56:55.897339 2025] [php7:warn] [pid 26866] [client 10.212.134.2:58796] PHP Warning:  include(): Failed opening 'db_connection.php' for inclusion (include_path='.:/usr/share/php7:/usr/share/php7/PEAR') in /home/anmata/public_html/lostandfound/login.php on line 3
[Tue Nov 04 12:57:15.214127 2025] [php7:warn] [pid 26869] [client 10.212.134.2:50642] PHP Warning:  include(db_connection.php): failed to open stream: No such file or directory in /home/anmata/public_html/lostandfound/login.php on line 3, referer: http://10.60.36.1/~anmata/lostandfound/login.php
[Tue Nov 04 12:57:15.214155 2025] [php7:warn] [pid 26869] [client 10.212.134.2:50642] PHP Warning:  include(): Failed opening 'db_connection.php' for inclusion (include_path='.:/usr/share/php7:/usr/share/php7/PEAR') in /home/anmata/public_html/lostandfound/login.php on line 3, referer: http://10.60.36.1/~anmata/lostandfound/login.php
[Tue Nov 04 12:57:15.214163 2025] [php7:notice] [pid 26869] [client 10.212.134.2:50642] PHP Notice:  Undefined variable: conn in /home/anmata/public_html/lostandfound/login.php on line 11, referer: http://10.60.36.1/~anmata/lostandfound/login.php
[Tue Nov 04 12:57:15.214171 2025] [php7:warn] [pid 26869] [client 10.212.134.2:50642] PHP Warning:  mysqli_query() expects parameter 1 to be mysqli, null given in /home/anmata/public_html/lostandfound/login.php on line 11, referer: http://10.60.36.1/~anmata/lostandfound/login.php
[Tue Nov 04 12:57:15.214177 2025] [php7:warn] [pid 26869] [client 10.212.134.2:50642] PHP Warning:  mysqli_num_rows() expects parameter 1 to be mysqli_result, null given in /home/anmata/public_html/lostandfound/login.php on line 13, referer: http://10.60.36.1/~anmata/lostandfound/login.php
[Tue Nov 04 12:59:42.099164 2025] [php7:warn] [pid 26868] [client 10.212.134.2:50278] PHP Warning:  include(db_connection.php): failed to open stream: No such file or directory in /home/anmata/public_html/lostandfound/login.php on line 3, referer: http://10.60.36.1/~anmata/lostandfound/login.php
[Tue Nov 04 12:59:42.099193 2025] [php7:warn] [pid 26868] [client 10.212.134.2:50278] PHP Warning:  include(): Failed opening 'db_connection.php' for inclusion (include_path='.:/usr/share/php7:/usr/share/php7/PEAR') in /home/anmata/public_html/lostandfound/login.php on line 3, referer: http://10.60.36.1/~anmata/lostandfound/login.php
[Tue Nov 04 12:59:42.099210 2025] [php7:notice] [pid 26868] [client 10.212.134.2:50278] PHP Notice:  Undefined variable: conn in /home/anmata/public_html/lostandfound/login.php on line 11, referer: http://10.60.36.1/~anmata/lostandfound/login.php
[Tue Nov 04 12:59:42.099216 2025] [php7:warn] [pid 26868] [client 10.212.134.2:50278] PHP Warning:  mysqli_query() expects parameter 1 to be mysqli, null given in /home/anmata/public_html/lostandfound/login.php on line 11, referer: http://10.60.36.1/~anmata/lostandfound/login.php
[Tue Nov 04 12:59:42.099220 2025] [php7:warn] [pid 26868] [client 10.212.134.2:50278] PHP Warning:  mysqli_num_rows() expects parameter 1 to be mysqli_result, null given in /home/anmata/public_html/lostandfound/login.php on line 13, referer: http://10.60.36.1/~anmata/lostandfound/login.php
[Tue Nov 04 13:01:38.212008 2025] [php7:warn] [pid 18935] [client 10.212.134.2:52460] PHP Warning:  include(db_connection.php): failed to open stream: No such file or directory in /home/anmata/public_html/lostandfound/login.php on line 3, referer: http://10.60.36.1/~anmata/lostandfound/login.php
[Tue Nov 04 13:01:38.212044 2025] [php7:warn] [pid 18935] [client 10.212.134.2:52460] PHP Warning:  include(): Failed opening 'db_connection.php' for inclusion (include_path='.:/usr/share/php7:/usr/share/php7/PEAR') in /home/anmata/public_html/lostandfound/login.php on line 3, referer: http://10.60.36.1/~anmata/lostandfound/login.php
[Tue Nov 04 13:01:38.212051 2025] [php7:notice] [pid 18935] [client 10.212.134.2:52460] PHP Notice:  Undefined variable: conn in /home/anmata/public_html/lostandfound/login.php on line 11, referer: http://10.60.36.1/~anmata/lostandfound/login.php
[Tue Nov 04 13:01:38.212058 2025] [php7:warn] [pid 18935] [client 10.212.134.2:52460] PHP Warning:  mysqli_query() expects parameter 1 to be mysqli, null given in /home/anmata/public_html/lostandfound/login.php on line 11, referer: http://10.60.36.1/~anmata/lostandfound/login.php
[Tue Nov 04 13:01:38.212062 2025] [php7:warn] [pid 18935] [client 10.212.134.2:52460] PHP Warning:  mysqli_num_rows() expects parameter 1 to be mysqli_result, null given in /home/anmata/public_html/lostandfound/login.php on line 13, referer: http://10.60.36.1/~anmata/lostandfound/login.php
[Tue Nov 04 13:07:04.616839 2025] [php7:error] [pid 26866] [client 10.212.134.2:60726] script '/home/anmata/public_html/lostandfound/index.php' not found or unable to stat, referer: http://10.60.36.1/~anmata/lostandfound/login.php
[Tue Nov 04 13:11:19.039319 2025] [php7:error] [pid 26869] [client 10.212.134.2:55141] script '/home/anmata/public_html/lostandfound/index.php' not found or unable to stat, referer: http://10.60.36.1/~anmata/lostandfound/login.php
[Tue Nov 04 13:11:54.694401 2025] [php7:error] [pid 19010] [client 10.212.134.2:64154] script '/home/anmata/public_html/lostandfound/index.php' not found or unable to stat, referer: http://10.60.36.1/~anmata/lostandfound/login.php
[Tue Nov 04 13:13:17.378468 2025] [core:alert] [pid 26877] [client 172.16.113.225:62107] /home/ajalilova/public_html/.htaccess: Options not allowed here
[Tue Nov 04 13:14:31.673930 2025] [php7:warn] [pid 26865] [client 10.212.134.2:56865] PHP Warning:  include(db_connection.php): failed to open stream: No such file or directory in /home/anmata/public_html/lostandfound/admin_seed.php on line 2
[Tue Nov 04 13:14:31.673959 2025] [php7:warn] [pid 26865] [client 10.212.134.2:56865] PHP Warning:  include(): Failed opening 'db_connection.php' for inclusion (include_path='.:/usr/share/php7:/usr/share/php7/PEAR') in /home/anmata/public_html/lostandfound/admin_seed.php on line 2
[Tue Nov 04 13:14:31.673966 2025] [php7:notice] [pid 26865] [client 10.212.134.2:56865] PHP Notice:  Undefined variable: conn in /home/anmata/public_html/lostandfound/admin_seed.php on line 11
[Tue Nov 04 13:14:31.673983 2025] [php7:error] [pid 26865] [client 10.212.134.2:56865] PHP Fatal error:  Uncaught Error: Call to a member function query() on null in /home/anmata/public_html/lostandfound/admin_seed.php:11\nStack trace:\n#0 {main}\n  thrown in /home/anmata/public_html/lostandfound/admin_seed.php on line 11
[Tue Nov 04 13:16:06.035199 2025] [php7:error] [pid 26869] [client 10.212.134.2:58773] script '/home/anmata/public_html/lostandfound/admin_seed.php' not found or unable to stat
[Tue Nov 04 13:18:57.474727 2025] [php7:error] [pid 26877] [client 10.212.134.2:62730] script '/home/anmata/public_html/lostandfound/index.php' not found or unable to stat, referer: http://10.60.36.1/~anmata/lostandfound/login.php
[Tue Nov 04 13:28:50.743586 2025] [core:alert] [pid 26868] [client 172.16.113.225:58398] /home/ajalilova/public_html/.htaccess: Options not allowed here
[Tue Nov 04 13:42:10.340762 2025] [core:alert] [pid 18986] [client 172.16.114.80:36466] /home/ajalilova/public_html/.htaccess: Options not allowed here
[Tue Nov 04 13:45:18.638393 2025] [autoindex:error] [pid 19010] [client 172.16.114.80:52462] AH01276: Cannot serve directory /srv/www/htdocs/: No matching DirectoryIndex (index.html,index.html.var,index.php4,index.php5,index.php7,index.php) found, and server-generated directory index forbidden by Options directive, referer: http://10.60.36.1/~ajalilova
[Tue Nov 04 17:48:52.762092 2025] [core:alert] [pid 18986] [client 10.212.134.3:50202] /home/fribadenei/public_html/.htaccess: Options not allowed here
[Tue Nov 04 17:53:45.913103 2025] [core:alert] [pid 19010] [client 10.212.134.3:59839] /home/fribadenei/public_html/.htaccess: Options not allowed here
[Tue Nov 04 17:53:46.863779 2025] [core:alert] [pid 18917] [client 10.212.134.3:65532] /home/fribadenei/public_html/.htaccess: Options not allowed here
[Tue Nov 04 17:53:47.434498 2025] [core:alert] [pid 26877] [client 10.212.134.3:56732] /home/fribadenei/public_html/.htaccess: Options not allowed here
[Tue Nov 04 17:53:47.735114 2025] [core:alert] [pid 26866] [client 10.212.134.3:56843] /home/fribadenei/public_html/.htaccess: Options not allowed here
[Tue Nov 04 17:53:47.894622 2025] [core:alert] [pid 26865] [client 10.212.134.3:57446] /home/fribadenei/public_html/.htaccess: Options not allowed here
[Tue Nov 04 17:53:48.039777 2025] [core:alert] [pid 26867] [client 10.212.134.3:52012] /home/fribadenei/public_html/.htaccess: Options not allowed here
[Tue Nov 04 17:53:48.191017 2025] [core:alert] [pid 26869] [client 10.212.134.3:63051] /home/fribadenei/public_html/.htaccess: Options not allowed here
[Tue Nov 04 17:53:48.342816 2025] [core:alert] [pid 26868] [client 10.212.134.3:61751] /home/fribadenei/public_html/.htaccess: Options not allowed here
[Tue Nov 04 17:53:48.511353 2025] [core:alert] [pid 18986] [client 10.212.134.3:64765] /home/fribadenei/public_html/.htaccess: Options not allowed here
[Tue Nov 04 17:58:53.837542 2025] [core:alert] [pid 19010] [client 10.212.134.3:64031] /home/fribadenei/public_html/.htaccess: Options not allowed here
[Tue Nov 04 18:03:32.117037 2025] [core:alert] [pid 26877] [client 10.212.134.3:56588] /home/fribadenei/public_html/.htaccess: Options not allowed here
[Tue Nov 04 18:03:33.343520 2025] [core:alert] [pid 26866] [client 10.212.134.3:57326] /home/fribadenei/public_html/.htaccess: Options not allowed here
[Tue Nov 04 18:03:33.923846 2025] [core:alert] [pid 26865] [client 10.212.134.3:59826] /home/fribadenei/public_html/.htaccess: Options not allowed here
[Tue Nov 04 18:03:34.118809 2025] [core:alert] [pid 26867] [client 10.212.134.3:53177] /home/fribadenei/public_html/.htaccess: Options not allowed here
[Tue Nov 04 18:03:34.439938 2025] [core:alert] [pid 26869] [client 10.212.134.3:58492] /home/fribadenei/public_html/.htaccess: Options not allowed here
[Tue Nov 04 18:03:34.610700 2025] [core:alert] [pid 26868] [client 10.212.134.3:59809] /home/fribadenei/public_html/.htaccess: Options not allowed here
[Tue Nov 04 18:03:34.794664 2025] [core:alert] [pid 18986] [client 10.212.134.3:51385] /home/fribadenei/public_html/.htaccess: Options not allowed here
[Tue Nov 04 18:06:17.856385 2025] [core:alert] [pid 19010] [client 10.212.134.3:52367] /home/fribadenei/public_html/.htaccess: Options not allowed here
[Tue Nov 04 18:07:41.436778 2025] [core:alert] [pid 26877] [client 10.212.134.3:60027] /home/fribadenei/public_html/.htaccess: Options not allowed here
[Tue Nov 04 18:07:42.587759 2025] [core:alert] [pid 26866] [client 10.212.134.3:60543] /home/fribadenei/public_html/.htaccess: Options not allowed here
[Tue Nov 04 18:07:43.583502 2025] [core:alert] [pid 26865] [client 10.212.134.3:58071] /home/fribadenei/public_html/.htaccess: Options not allowed here
[Tue Nov 04 18:19:51.319892 2025] [core:alert] [pid 18986] [client 10.212.134.3:56439] /home/fribadenei/public_html/.htaccess: Options not allowed here
[Tue Nov 04 18:19:59.684807 2025] [core:alert] [pid 18935] [client 10.212.134.3:59166] /home/fribadenei/public_html/.htaccess: Options not allowed here
[Tue Nov 04 18:20:00.657683 2025] [core:alert] [pid 19010] [client 10.212.134.3:63405] /home/fribadenei/public_html/.htaccess: Options not allowed here
[Tue Nov 04 18:20:01.280973 2025] [core:alert] [pid 18917] [client 10.212.134.3:64105] /home/fribadenei/public_html/.htaccess: Options not allowed here
[Tue Nov 04 18:20:01.728263 2025] [core:alert] [pid 26877] [client 10.212.134.3:54432] /home/fribadenei/public_html/.htaccess: Options not allowed here
[Tue Nov 04 18:21:44.832015 2025] [core:alert] [pid 26865] [client 10.212.134.3:54553] /home/fribadenei/public_html/.htaccess: Options not allowed here
[Tue Nov 04 18:22:52.372852 2025] [core:alert] [pid 26869] [client 10.212.134.3:51813] /home/fribadenei/public_html/.htaccess: Options not allowed here
[Tue Nov 04 18:24:02.801136 2025] [core:alert] [pid 18986] [client 10.212.134.3:59204] /home/fribadenei/public_html/.htaccess: Options not allowed here
[Wed Nov 05 13:53:09.909972 2025] [core:alert] [pid 26867] [client 172.16.113.225:53638] /home/ajalilova/public_html/.htaccess: Options not allowed here
[Wed Nov 05 16:14:57.037381 2025] [authz_core:error] [pid 19010] [client 10.212.134.15:65084] AH01630: client denied by server configuration: /home/abhave/public_html
[Wed Nov 05 16:15:00.656139 2025] [authz_core:error] [pid 19010] [client 10.212.134.15:65084] AH01630: client denied by server configuration: /home/abhave/public_html
[Wed Nov 05 16:15:10.419868 2025] [authz_core:error] [pid 19010] [client 10.212.134.15:65084] AH01630: client denied by server configuration: /home/abhave/public_html
[Wed Nov 05 16:16:56.214050 2025] [core:alert] [pid 26868] [client 10.212.134.15:59727] /home/abhave/public_html/.htaccess: Invalid command 'RewriteEngine', perhaps misspelled or defined by a module not included in the server configuration
[Wed Nov 05 16:16:56.811579 2025] [core:alert] [pid 26866] [client 10.212.134.15:59182] /home/abhave/public_html/.htaccess: Invalid command 'RewriteEngine', perhaps misspelled or defined by a module not included in the server configuration
[Wed Nov 05 16:17:14.681050 2025] [core:alert] [pid 18935] [client 10.212.134.15:61952] /home/abhave/public_html/.htaccess: Invalid command 'RewriteEngine', perhaps misspelled or defined by a module not included in the server configuration
[Wed Nov 05 16:17:17.618298 2025] [autoindex:error] [pid 26865] [client 10.212.134.15:54479] AH01276: Cannot serve directory /srv/www/htdocs/: No matching DirectoryIndex (index.html,index.html.var,index.php4,index.php5,index.php7,index.php) found, and server-generated directory index forbidden by Options directive
[Wed Nov 05 16:17:21.678427 2025] [core:alert] [pid 26865] [client 10.212.134.15:54479] /home/abhave/public_html/.htaccess: Invalid command 'RewriteEngine', perhaps misspelled or defined by a module not included in the server configuration
[Wed Nov 05 16:19:18.999585 2025] [core:alert] [pid 26869] [client 10.212.134.15:57281] /home/abhave/public_html/.htaccess: Invalid command 'RewriteEngine', perhaps misspelled or defined by a module not included in the server configuration
[Wed Nov 05 16:19:19.803985 2025] [core:alert] [pid 18986] [client 10.212.134.15:56899] /home/abhave/public_html/.htaccess: Invalid command 'RewriteEngine', perhaps misspelled or defined by a module not included in the server configuration
[Wed Nov 05 16:20:03.727091 2025] [core:alert] [pid 19010] [client 10.212.134.15:53803] /home/abhave/public_html/.htaccess: Invalid command 'RewriteEngine', perhaps misspelled or defined by a module not included in the server configuration
[Wed Nov 05 16:20:07.608153 2025] [core:alert] [pid 26877] [client 10.212.134.15:62955] /home/abhave/public_html/.htaccess: Invalid command 'RewriteEngine', perhaps misspelled or defined by a module not included in the server configuration
[Wed Nov 05 16:20:16.798641 2025] [core:alert] [pid 26868] [client 10.212.134.15:52251] /home/abhave/public_html/.htaccess: Invalid command 'RewriteEngine', perhaps misspelled or defined by a module not included in the server configuration
[Wed Nov 05 16:20:17.040697 2025] [core:alert] [pid 26866] [client 10.212.134.15:57681] /home/abhave/public_html/.htaccess: Invalid command 'RewriteEngine', perhaps misspelled or defined by a module not included in the server configuration
[Wed Nov 05 16:20:24.388555 2025] [core:alert] [pid 18935] [client 10.212.134.15:61225] /home/abhave/public_html/.htaccess: Invalid command 'RewriteEngine', perhaps misspelled or defined by a module not included in the server configuration
[Wed Nov 05 16:20:28.846446 2025] [core:alert] [pid 26865] [client 10.212.134.15:61227] /home/abhave/public_html/.htaccess: Invalid command 'RewriteEngine', perhaps misspelled or defined by a module not included in the server configuration
[Wed Nov 05 16:20:33.671500 2025] [core:alert] [pid 26867] [client 10.212.134.15:54605] /home/abhave/public_html/.htaccess: Invalid command 'RewriteEngine', perhaps misspelled or defined by a module not included in the server configuration
[Wed Nov 05 16:30:38.949056 2025] [core:alert] [pid 18986] [client 10.212.134.15:55131] /home/abhave/public_html/.htaccess: Options not allowed here
[Wed Nov 05 16:30:39.916508 2025] [core:alert] [pid 18917] [client 10.212.134.15:57416] /home/abhave/public_html/.htaccess: Options not allowed here
[Wed Nov 05 16:30:40.220747 2025] [core:alert] [pid 19010] [client 10.212.134.15:55012] /home/abhave/public_html/.htaccess: Options not allowed here
[Wed Nov 05 16:30:40.395198 2025] [core:alert] [pid 26877] [client 10.212.134.15:53449] /home/abhave/public_html/.htaccess: Options not allowed here
[Wed Nov 05 16:33:20.437787 2025] [core:alert] [pid 26866] [client 10.212.134.15:55232] /home/abhave/public_html/.htaccess: Invalid command 'Order', perhaps misspelled or defined by a module not included in the server configuration
[Wed Nov 05 16:35:04.264452 2025] [autoindex:error] [pid 15259] [client 10.212.134.15:50637] AH01276: Cannot serve directory /srv/www/htdocs/: No matching DirectoryIndex (index.html,index.html.var,index.php4,index.php5,index.php7,index.php) found, and server-generated directory index forbidden by Options directive, referer: http://10.60.36.1/~abhave/
[Wed Nov 05 16:35:06.755040 2025] [autoindex:error] [pid 15259] [client 10.212.134.15:50637] AH01276: Cannot serve directory /srv/www/htdocs/: No matching DirectoryIndex (index.html,index.html.var,index.php4,index.php5,index.php7,index.php) found, and server-generated directory index forbidden by Options directive, referer: http://10.60.36.1/~abhave/
[Wed Nov 05 17:54:03.125870 2025] [php7:error] [pid 26869] [client 10.212.134.3:56398] script '/home/nmuradov/public_html/index.php' not found or unable to stat
[Wed Nov 05 17:54:06.008201 2025] [autoindex:error] [pid 26869] [client 10.212.134.3:56398] AH01276: Cannot serve directory /srv/www/htdocs/: No matching DirectoryIndex (index.html,index.html.var,index.php4,index.php5,index.php7,index.php) found, and server-generated directory index forbidden by Options directive, referer: https://clabsql.constructor.university/~nmuradov/index.php
[Wed Nov 05 17:54:19.065056 2025] [php7:error] [pid 26869] [client 10.212.134.3:56398] script '/home/nmuradov/public_html/assignment5/index.php' not found or unable to stat
[Wed Nov 05 18:04:52.257424 2025] [autoindex:error] [pid 26869] [client 172.16.114.163:63707] AH01276: Cannot serve directory /srv/www/htdocs/: No matching DirectoryIndex (index.html,index.html.var,index.php4,index.php5,index.php7,index.php) found, and server-generated directory index forbidden by Options directive
[Wed Nov 05 18:19:55.452106 2025] [core:crit] [pid 15259] (13)Permission denied: [client 10.212.134.3:49436] AH00529: /home/hessahli/public_html/img/.htaccess pcfg_openfile: unable to check htaccess file, ensure it is readable and that '/home/hessahli/public_html/img/' is executable, referer: http://10.60.36.1/~hessahli/index.html
[Wed Nov 05 18:20:04.263332 2025] [core:crit] [pid 19010] (13)Permission denied: [client 10.212.134.3:63058] AH00529: /home/hessahli/public_html/img/.htaccess pcfg_openfile: unable to check htaccess file, ensure it is readable and that '/home/hessahli/public_html/img/' is executable, referer: http://10.60.36.1/~hessahli/index.html?cat=&q=a
[Wed Nov 05 18:20:12.157419 2025] [core:crit] [pid 19010] (13)Permission denied: [client 10.212.134.3:63058] AH00529: /home/hessahli/public_html/img/.htaccess pcfg_openfile: unable to check htaccess file, ensure it is readable and that '/home/hessahli/public_html/img/' is executable, referer: http://10.60.36.1/~hessahli/index.html?cat=&q=fashion
[Wed Nov 05 18:20:23.813797 2025] [core:crit] [pid 19010] (13)Permission denied: [client 10.212.134.3:63058] AH00529: /home/hessahli/public_html/img/.htaccess pcfg_openfile: unable to check htaccess file, ensure it is readable and that '/home/hessahli/public_html/img/' is executable, referer: http://10.60.36.1/~hessahli/index.html?cat=&q=smartwatch
[Wed Nov 05 18:20:40.511452 2025] [core:crit] [pid 26869] (13)Permission denied: [client 10.212.134.3:63451] AH00529: /home/hessahli/public_html/img/.htaccess pcfg_openfile: unable to check htaccess file, ensure it is readable and that '/home/hessahli/public_html/img/' is executable, referer: http://10.60.36.1/~hessahli/index.html?cat=Electronics&q=
[Wed Nov 05 18:20:44.033533 2025] [core:crit] [pid 26869] (13)Permission denied: [client 10.212.134.3:63451] AH00529: /home/hessahli/public_html/img/.htaccess pcfg_openfile: unable to check htaccess file, ensure it is readable and that '/home/hessahli/public_html/img/' is executable, referer: http://10.60.36.1/~hessahli/index.html?cat=Home+%26+Garden&q=
[Wed Nov 05 18:21:53.369766 2025] [core:crit] [pid 18935] (13)Permission denied: [client 10.212.134.3:64739] AH00529: /home/hessahli/public_html/img/.htaccess pcfg_openfile: unable to check htaccess file, ensure it is readable and that '/home/hessahli/public_html/img/' is executable, referer: http://10.60.36.1/~hessahli/index.html?cat=Collectibles&q=
[Wed Nov 05 18:22:11.851027 2025] [core:crit] [pid 18986] (13)Permission denied: [client 10.212.134.3:58084] AH00529: /home/hessahli/public_html/img/.htaccess pcfg_openfile: unable to check htaccess file, ensure it is readable and that '/home/hessahli/public_html/img/' is executable, referer: http://10.60.36.1/~hessahli/index.html?cat=&q=
[Wed Nov 05 18:22:15.010139 2025] [core:crit] [pid 18986] (13)Permission denied: [client 10.212.134.3:58084] AH00529: /home/hessahli/public_html/img/.htaccess pcfg_openfile: unable to check htaccess file, ensure it is readable and that '/home/hessahli/public_html/img/' is executable, referer: http://10.60.36.1/~hessahli/index.html?cat=Electronics&q=
[Wed Nov 05 18:22:18.214845 2025] [core:crit] [pid 18986] (13)Permission denied: [client 10.212.134.3:58084] AH00529: /home/hessahli/public_html/img/.htaccess pcfg_openfile: unable to check htaccess file, ensure it is readable and that '/home/hessahli/public_html/img/' is executable, referer: http://10.60.36.1/~hessahli/index.html?cat=Fashion&q=
[Wed Nov 05 18:22:36.854369 2025] [core:crit] [pid 18917] (13)Permission denied: [client 10.212.134.3:55507] AH00529: /home/hessahli/public_html/img/.htaccess pcfg_openfile: unable to check htaccess file, ensure it is readable and that '/home/hessahli/public_html/img/' is executable, referer: http://10.60.36.1/~hessahli/index.html
[Wed Nov 05 18:22:51.750713 2025] [core:crit] [pid 18917] (13)Permission denied: [client 10.212.134.3:55507] AH00529: /home/hessahli/public_html/img/.htaccess pcfg_openfile: unable to check htaccess file, ensure it is readable and that '/home/hessahli/public_html/img/' is executable, referer: http://10.60.36.1/~hessahli/index.html?cat=Electronics&q=wireless+headphones
[Wed Nov 05 18:23:02.392047 2025] [core:crit] [pid 18917] (13)Permission denied: [client 10.212.134.3:55507] AH00529: /home/hessahli/public_html/img/.htaccess pcfg_openfile: unable to check htaccess file, ensure it is readable and that '/home/hessahli/public_html/img/' is executable, referer: http://10.60.36.1/~hessahli/index.html?cat=Electronics&q=smartwatch
[Wed Nov 05 19:19:41.076454 2025] [autoindex:error] [pid 19010] [client 172.16.38.11:62798] AH01276: Cannot serve directory /srv/www/htdocs/: No matching DirectoryIndex (index.html,index.html.var,index.php4,index.php5,index.php7,index.php) found, and server-generated directory index forbidden by Options directive, referer: https://clabsql.constructor.university/~mgherasim/
[Wed Nov 05 19:19:42.819008 2025] [autoindex:error] [pid 15259] [client 172.16.38.11:51777] AH01276: Cannot serve directory /srv/www/htdocs/: No matching DirectoryIndex (index.html,index.html.var,index.php4,index.php5,index.php7,index.php) found, and server-generated directory index forbidden by Options directive, referer: https://clabsql.constructor.university/~mgherasim/
[Wed Nov 05 19:20:06.188992 2025] [autoindex:error] [pid 26869] [client 172.16.38.11:52350] AH01276: Cannot serve directory /srv/www/htdocs/: No matching DirectoryIndex (index.html,index.html.var,index.php4,index.php5,index.php7,index.php) found, and server-generated directory index forbidden by Options directive, referer: https://clabsql.constructor.university/~mgherasim/
[Wed Nov 05 19:20:22.568000 2025] [autoindex:error] [pid 15259] [client 172.16.38.11:51777] AH01276: Cannot serve directory /srv/www/htdocs/: No matching DirectoryIndex (index.html,index.html.var,index.php4,index.php5,index.php7,index.php) found, and server-generated directory index forbidden by Options directive, referer: https://clabsql.constructor.university/~mgherasim/
[Wed Nov 05 20:01:33.656231 2025] [core:alert] [pid 26866] [client 10.212.134.5:56141] /home/ajalilova/public_html/.htaccess: Options not allowed here
[Wed Nov 05 20:25:30.705358 2025] [php7:error] [pid 18935] [client 10.212.134.5:56259] PHP Fatal error:  Uncaught Error: Call to a member function bind_param() on bool in /home/naliyev/public_html/bookreviews_input_site/search/books/books_results.php:29\nStack trace:\n#0 {main}\n  thrown in /home/naliyev/public_html/bookreviews_input_site/search/books/books_results.php on line 29, referer: http://10.60.36.1/~naliyev/bookreviews_input_site/search/books/books_search.php
[Wed Nov 05 20:26:25.568884 2025] [php7:error] [pid 18986] [client 10.212.134.5:57909] PHP Fatal error:  Uncaught Error: Call to a member function bind_param() on bool in /home/naliyev/public_html/bookreviews_input_site/search/books/books_results.php:29\nStack trace:\n#0 {main}\n  thrown in /home/naliyev/public_html/bookreviews_input_site/search/books/books_results.php on line 29, referer: http://10.60.36.1/~naliyev/bookreviews_input_site/search/books/books_search.php
[Wed Nov 05 20:56:38.717941 2025] [php7:warn] [pid 26868] [client 10.212.134.2:60815] PHP Warning:  mysqli::__construct(): (HY000/1045): Access denied for user 'root'@'localhost' (using password: NO) in /home/ycao/public_html/db_connect.php on line 7
[Wed Nov 05 20:57:38.695593 2025] [php7:notice] [pid 19408] [client 10.212.134.2:61075] PHP Notice:  Undefined index: User_id in /home/ycao/public_html/db_auth.php on line 17, referer: http://10.60.36.1/~ycao/login.php
[Wed Nov 05 20:57:38.695714 2025] [php7:error] [pid 19408] [client 10.212.134.2:61075] PHP Fatal error:  Uncaught Error: Call to a member function bind_param() on bool in /home/ycao/public_html/db_auth.php:20\nStack trace:\n#0 {main}\n  thrown in /home/ycao/public_html/db_auth.php on line 20, referer: http://10.60.36.1/~ycao/login.php
[Wed Nov 05 20:57:56.430572 2025] [php7:notice] [pid 19407] [client 10.212.134.2:61165] PHP Notice:  Undefined index: User_id in /home/ycao/public_html/db_auth.php on line 17, referer: http://10.60.36.1/~ycao/login.php
[Wed Nov 05 20:57:56.430667 2025] [php7:error] [pid 19407] [client 10.212.134.2:61165] PHP Fatal error:  Uncaught Error: Call to a member function bind_param() on bool in /home/ycao/public_html/db_auth.php:20\nStack trace:\n#0 {main}\n  thrown in /home/ycao/public_html/db_auth.php on line 20, referer: http://10.60.36.1/~ycao/login.php
[Wed Nov 05 21:01:54.301909 2025] [php7:notice] [pid 26867] [client 10.212.134.2:62152] PHP Notice:  Undefined index: User_id in /home/ycao/public_html/db_auth.php on line 17, referer: http://10.60.36.1/~ycao/login.php
[Wed Nov 05 21:02:00.612217 2025] [php7:notice] [pid 19730] [client 10.212.134.2:62186] PHP Notice:  Undefined index: User_id in /home/ycao/public_html/db_auth.php on line 17, referer: http://10.60.36.1/~ycao/login.php?error=Access+denied%3A+not+allowed+to+access+maintenance+page
[Wed Nov 05 21:08:37.314411 2025] [php7:notice] [pid 15259] [client 10.212.134.2:63914] PHP Notice:  Undefined variable: user_id in /home/ycao/public_html/db_auth.php on line 50, referer: http://10.60.36.1/~ycao/login.php?error=Access+denied%3A+not+allowed+to+access+maintenance+page
[Wed Nov 05 21:09:44.328567 2025] [php7:notice] [pid 26869] [client 10.212.134.2:64207] PHP Notice:  Undefined index: User_id in /home/ycao/public_html/maintenance.php on line 10, referer: http://10.60.36.1/~ycao/login.php?error=Access+denied
[Wed Nov 05 21:11:27.861474 2025] [php7:notice] [pid 18935] [client 10.212.134.2:64703] PHP Notice:  Undefined variable: user_id in /home/ycao/public_html/db_auth.php on line 50, referer: http://10.60.36.1/~ycao/login.php?error=Access+denied
[Wed Nov 05 21:17:25.408617 2025] [php7:notice] [pid 18986] [client 10.212.134.2:49962] PHP Notice:  Undefined index: User_id in /home/ycao/public_html/maintenance.php on line 10, referer: http://10.60.36.1/~ycao/login.php
[Wed Nov 05 21:20:55.029389 2025] [php7:notice] [pid 26867] [client 10.212.134.2:50973] PHP Notice:  Undefined index: User_id in /home/ycao/public_html/maintenance.php on line 10, referer: http://10.60.36.1/~ycao/login.php?error=Access+denied
[Wed Nov 05 21:23:01.198547 2025] [php7:notice] [pid 15259] [client 10.212.134.2:51527] PHP Notice:  Undefined variable: _SESSION in /home/ycao/public_html/maintenance.php on line 75, referer: http://10.60.36.1/~ycao/login.php?error=Access+denied
[Wed Nov 05 21:23:01.198579 2025] [php7:notice] [pid 15259] [client 10.212.134.2:51527] PHP Notice:  Trying to access array offset on value of type null in /home/ycao/public_html/maintenance.php on line 75, referer: http://10.60.36.1/~ycao/login.php?error=Access+denied
[Wed Nov 05 21:23:01.198586 2025] [php7:notice] [pid 15259] [client 10.212.134.2:51527] PHP Notice:  Undefined variable: user_id in /home/ycao/public_html/maintenance.php on line 76, referer: http://10.60.36.1/~ycao/login.php?error=Access+denied
[Wed Nov 05 21:33:30.079210 2025] [php7:notice] [pid 18986] [client 10.212.134.2:54270] PHP Notice:  Undefined variable: _SESSION in /home/ycao/public_html/maintenance.php on line 75, referer: http://10.60.36.1/~ycao/login.php
[Wed Nov 05 21:33:30.079236 2025] [php7:notice] [pid 18986] [client 10.212.134.2:54270] PHP Notice:  Trying to access array offset on value of type null in /home/ycao/public_html/maintenance.php on line 75, referer: http://10.60.36.1/~ycao/login.php
[Wed Nov 05 21:33:30.079243 2025] [php7:notice] [pid 18986] [client 10.212.134.2:54270] PHP Notice:  Undefined variable: user_id in /home/ycao/public_html/maintenance.php on line 76, referer: http://10.60.36.1/~ycao/login.php
[Wed Nov 05 21:37:21.952063 2025] [php7:notice] [pid 19408] [client 10.212.134.2:55303] PHP Notice:  Undefined variable: _SESSION in /home/ycao/public_html/maintenance.php on line 75, referer: http://10.60.36.1/~ycao/login.php
[Wed Nov 05 21:37:21.952088 2025] [php7:notice] [pid 19408] [client 10.212.134.2:55303] PHP Notice:  Trying to access array offset on value of type null in /home/ycao/public_html/maintenance.php on line 75, referer: http://10.60.36.1/~ycao/login.php
[Wed Nov 05 21:37:21.952104 2025] [php7:notice] [pid 19408] [client 10.212.134.2:55303] PHP Notice:  Undefined variable: user_id in /home/ycao/public_html/maintenance.php on line 76, referer: http://10.60.36.1/~ycao/login.php
[Wed Nov 05 21:38:29.058461 2025] [php7:notice] [pid 15259] [client 10.212.134.2:55613] PHP Notice:  Undefined variable: _SESSION in /home/ycao/public_html/maintenance.php on line 75, referer: http://10.60.36.1/~ycao/login.php
[Wed Nov 05 21:38:29.058487 2025] [php7:notice] [pid 15259] [client 10.212.134.2:55613] PHP Notice:  Trying to access array offset on value of type null in /home/ycao/public_html/maintenance.php on line 75, referer: http://10.60.36.1/~ycao/login.php
[Wed Nov 05 21:38:29.058493 2025] [php7:notice] [pid 15259] [client 10.212.134.2:55613] PHP Notice:  Undefined variable: user_id in /home/ycao/public_html/maintenance.php on line 76, referer: http://10.60.36.1/~ycao/login.php
[Wed Nov 05 21:38:46.475966 2025] [php7:notice] [pid 26867] [client 10.212.134.2:55693] PHP Notice:  Undefined variable: _SESSION in /home/ycao/public_html/maintenance.php on line 75, referer: http://10.60.36.1/~ycao/login.php
[Wed Nov 05 21:38:46.475998 2025] [php7:notice] [pid 26867] [client 10.212.134.2:55693] PHP Notice:  Trying to access array offset on value of type null in /home/ycao/public_html/maintenance.php on line 75, referer: http://10.60.36.1/~ycao/login.php
[Wed Nov 05 21:38:46.476004 2025] [php7:notice] [pid 26867] [client 10.212.134.2:55693] PHP Notice:  Undefined variable: user_id in /home/ycao/public_html/maintenance.php on line 76, referer: http://10.60.36.1/~ycao/login.php
[Wed Nov 05 21:38:58.741598 2025] [php7:notice] [pid 26866] [client 10.212.134.2:55759] PHP Notice:  Undefined variable: _SESSION in /home/ycao/public_html/maintenance.php on line 75, referer: http://10.60.36.1/~ycao/login.php
[Wed Nov 05 21:38:58.741629 2025] [php7:notice] [pid 26866] [client 10.212.134.2:55759] PHP Notice:  Trying to access array offset on value of type null in /home/ycao/public_html/maintenance.php on line 75, referer: http://10.60.36.1/~ycao/login.php
[Wed Nov 05 21:38:58.741636 2025] [php7:notice] [pid 26866] [client 10.212.134.2:55759] PHP Notice:  Undefined variable: user_id in /home/ycao/public_html/maintenance.php on line 76, referer: http://10.60.36.1/~ycao/login.php
[Wed Nov 05 21:39:49.395453 2025] [php7:notice] [pid 26869] [client 10.212.134.2:55991] PHP Notice:  Undefined variable: user_id in /home/ycao/public_html/maintenance.php on line 77, referer: http://10.60.36.1/~ycao/login.php
[Wed Nov 05 21:39:51.870651 2025] [php7:notice] [pid 15259] [client 10.212.134.2:56002] PHP Notice:  Undefined variable: user_id in /home/ycao/public_html/maintenance.php on line 77, referer: http://10.60.36.1/~ycao/login.php
[Wed Nov 05 21:41:28.242780 2025] [php7:notice] [pid 26867] [client 10.212.134.2:56465] PHP Notice:  Undefined variable: error in /home/ycao/public_html/login.php on line 85
[Wed Nov 05 21:41:37.167972 2025] [php7:notice] [pid 19408] [client 10.212.134.2:56518] PHP Notice:  Undefined variable: error in /home/ycao/public_html/login.php on line 85
[Wed Nov 05 21:41:38.703297 2025] [php7:notice] [pid 19408] [client 10.212.134.2:56518] PHP Notice:  Undefined variable: error in /home/ycao/public_html/login.php on line 85
[Wed Nov 05 21:41:52.909002 2025] [php7:notice] [pid 26868] [client 10.212.134.2:56599] PHP Notice:  Undefined variable: error in /home/ycao/public_html/login.php on line 85
[Wed Nov 05 21:46:22.354273 2025] [php7:notice] [pid 26866] [client 10.212.134.2:57827] PHP Notice:  Undefined variable: error in /home/ycao/public_html/login.php on line 85
[Wed Nov 05 21:46:56.049730 2025] [php7:notice] [pid 19408] [client 10.212.134.2:58000] PHP Notice:  Undefined variable: error in /home/ycao/public_html/login.php on line 85, referer: http://10.60.36.1/~ycao/login.php
[Wed Nov 05 21:49:58.699872 2025] [php7:notice] [pid 19407] [client 10.212.134.2:58819] PHP Notice:  Undefined index: User_id in /home/ycao/public_html/r_Team.php on line 10
[Wed Nov 05 21:49:58.790053 2025] [php7:notice] [pid 19407] [client 10.212.134.2:58819] PHP Notice:  Undefined variable: error in /home/ycao/public_html/login.php on line 85
[Wed Nov 05 21:50:34.559336 2025] [php7:notice] [pid 26867] [client 10.212.134.2:58981] PHP Notice:  Undefined variable: error in /home/ycao/public_html/login.php on line 85
[Wed Nov 05 21:50:48.768090 2025] [php7:notice] [pid 19408] [client 10.212.134.2:59058] PHP Notice:  Undefined index: User_id in /home/ycao/public_html/r_Users.php on line 10
[Wed Nov 05 21:50:48.869643 2025] [php7:notice] [pid 19408] [client 10.212.134.2:59058] PHP Notice:  Undefined variable: error in /home/ycao/public_html/login.php on line 85
[Wed Nov 05 21:50:59.250568 2025] [php7:notice] [pid 19407] [client 10.212.134.2:59111] PHP Notice:  Undefined variable: error in /home/ycao/public_html/login.php on line 85
[Wed Nov 05 21:51:22.455559 2025] [php7:notice] [pid 26866] [client 10.212.134.2:59223] PHP Notice:  Undefined index: Country in /home/ycao/public_html/r_Team.php on line 89, referer: http://10.60.36.1/~ycao/a_Team.php
[Wed Nov 05 21:51:24.404987 2025] [php7:notice] [pid 26866] [client 10.212.134.2:59223] PHP Notice:  Undefined variable: error in /home/ycao/public_html/login.php on line 85, referer: http://10.60.36.1/~ycao/r_Team.php
[Wed Nov 05 22:01:42.004329 2025] [php7:notice] [pid 26866] [client 10.212.134.2:60506] PHP Notice:  Undefined index: uid in /home/ycao/public_html/sd_1.php on line 47
[Wed Nov 05 22:01:42.004735 2025] [php7:notice] [pid 15259] [client 10.212.134.2:60509] PHP Notice:  Undefined index: search_value in /home/ycao/public_html/sr_3.php on line 56
[Wed Nov 05 22:01:42.004867 2025] [php7:notice] [pid 19408] [client 10.212.134.2:60510] PHP Notice:  Undefined index: search_value in /home/ycao/public_html/sr_2.php on line 56
[Wed Nov 05 22:01:42.005560 2025] [php7:notice] [pid 15259] [client 10.212.134.2:60509] PHP Notice:  session_start(): A session had already been started - ignoring in /home/ycao/public_html/sr_3.php on line 65
[Wed Nov 05 22:01:42.005589 2025] [php7:notice] [pid 19408] [client 10.212.134.2:60510] PHP Notice:  session_start(): A session had already been started - ignoring in /home/ycao/public_html/sr_2.php on line 65
[Wed Nov 05 22:01:42.030092 2025] [php7:notice] [pid 19407] [client 10.212.134.2:60511] PHP Notice:  Undefined index: search_value in /home/ycao/public_html/sr_1.php on line 56
[Wed Nov 05 22:01:42.030659 2025] [php7:notice] [pid 19407] [client 10.212.134.2:60511] PHP Notice:  session_start(): A session had already been started - ignoring in /home/ycao/public_html/sr_1.php on line 65
[Wed Nov 05 22:01:42.054758 2025] [php7:notice] [pid 15259] [client 10.212.134.2:60509] PHP Notice:  Undefined index: uid in /home/ycao/public_html/sd_2.php on line 47
[Wed Nov 05 22:01:42.054838 2025] [php7:notice] [pid 26868] [client 10.212.134.2:60508] PHP Notice:  Undefined index: sid in /home/ycao/public_html/sd_3.php on line 47
[Wed Nov 05 22:01:42.111342 2025] [php7:notice] [pid 19407] [client 10.212.134.2:60511] PHP Notice:  Undefined variable: error in /home/ycao/public_html/login.php on line 85
[Wed Nov 05 22:06:48.999773 2025] [php7:error] [pid 18935] [client 10.212.134.2:60640] script '/home/hessahli/public_html/sr_3.php' not found or unable to stat
[Wed Nov 05 22:06:48.999855 2025] [php7:error] [pid 18986] [client 10.212.134.2:60635] script '/home/hessahli/public_html/a_Public.php' not found or unable to stat
[Wed Nov 05 22:06:49.000398 2025] [php7:error] [pid 19408] [client 10.212.134.2:60641] script '/home/hessahli/public_html/sr_2.php' not found or unable to stat
[Wed Nov 05 22:06:49.000498 2025] [php7:error] [pid 26868] [client 10.212.134.2:60637] script '/home/hessahli/public_html/sd_1.php' not found or unable to stat
[Wed Nov 05 22:06:49.000702 2025] [php7:error] [pid 26867] [client 10.212.134.2:60634] script '/home/hessahli/public_html/a_Coach.php' not found or unable to stat
[Wed Nov 05 22:06:49.016268 2025] [php7:error] [pid 19407] [client 10.212.134.2:60642] script '/home/hessahli/public_html/sr_1.php' not found or unable to stat
[Wed Nov 05 22:06:49.039944 2025] [php7:error] [pid 18935] [client 10.212.134.2:60640] script '/home/hessahli/public_html/sd_2.php' not found or unable to stat
[Wed Nov 05 22:06:49.040133 2025] [php7:error] [pid 18986] [client 10.212.134.2:60635] script '/home/hessahli/public_html/sd_3.php' not found or unable to stat
[Wed Nov 05 22:06:49.049667 2025] [php7:error] [pid 26867] [client 10.212.134.2:60634] script '/home/hessahli/public_html/r_Users.php' not found or unable to stat
[Wed Nov 05 22:06:49.049745 2025] [php7:error] [pid 19730] [client 10.212.134.2:60636] script '/home/hessahli/public_html/r_Team.php' not found or unable to stat
[Wed Nov 05 22:06:49.049760 2025] [php7:error] [pid 19407] [client 10.212.134.2:60642] script '/home/hessahli/public_html/r_Staff.php' not found or unable to stat
[Wed Nov 05 22:06:49.066871 2025] [php7:error] [pid 26869] [client 10.212.134.2:60639] script '/home/hessahli/public_html/r_Public.php' not found or unable to stat
[Wed Nov 05 22:06:49.069649 2025] [php7:error] [pid 18935] [client 10.212.134.2:60640] script '/home/hessahli/public_html/r_InjTyp.php' not found or unable to stat
[Wed Nov 05 22:06:49.069769 2025] [php7:error] [pid 18986] [client 10.212.134.2:60635] script '/home/hessahli/public_html/r_MedTeam.php' not found or unable to stat
[Wed Nov 05 22:06:49.070093 2025] [php7:error] [pid 19408] [client 10.212.134.2:60641] script '/home/hessahli/public_html/r_InjRec.php' not found or unable to stat
[Wed Nov 05 22:06:49.076100 2025] [php7:error] [pid 15259] [client 10.212.134.2:60633] script '/home/hessahli/public_html/r_Athlete.php' not found or unable to stat
[Wed Nov 05 22:06:49.076280 2025] [php7:error] [pid 26868] [client 10.212.134.2:60637] script '/home/hessahli/public_html/maintenance.php' not found or unable to stat
[Wed Nov 05 22:06:49.080165 2025] [php7:error] [pid 19730] [client 10.212.134.2:60636] script '/home/hessahli/public_html/login.php' not found or unable to stat
[Wed Nov 05 22:06:49.080226 2025] [php7:error] [pid 26867] [client 10.212.134.2:60634] script '/home/hessahli/public_html/logout.php' not found or unable to stat
[Wed Nov 05 22:06:49.085617 2025] [php7:error] [pid 26866] [client 10.212.134.2:60638] script '/home/hessahli/public_html/r_Coach.php' not found or unable to stat
[Wed Nov 05 22:06:49.094040 2025] [php7:error] [pid 19407] [client 10.212.134.2:60642] script '/home/hessahli/public_html/a_MedTeam.php' not found or unable to stat
[Wed Nov 05 22:06:49.095041 2025] [php7:error] [pid 26869] [client 10.212.134.2:60639] script '/home/hessahli/public_html/db_connect.php' not found or unable to stat
[Wed Nov 05 22:06:49.095778 2025] [core:crit] [pid 18935] (13)Permission denied: [client 10.212.134.2:60640] AH00529: /home/hessahli/public_html/img/.htaccess pcfg_openfile: unable to check htaccess file, ensure it is readable and that '/home/hessahli/public_html/img/' is executable
[Wed Nov 05 22:06:49.100596 2025] [php7:error] [pid 18986] [client 10.212.134.2:60635] script '/home/hessahli/public_html/db_auth.php' not found or unable to stat
[Wed Nov 05 22:06:49.100923 2025] [php7:error] [pid 19408] [client 10.212.134.2:60641] script '/home/hessahli/public_html/a_Users.php' not found or unable to stat
[Wed Nov 05 22:06:49.101514 2025] [php7:error] [pid 15259] [client 10.212.134.2:60633] script '/home/hessahli/public_html/a_Team.php' not found or unable to stat
[Wed Nov 05 22:06:49.106509 2025] [php7:error] [pid 26868] [client 10.212.134.2:60637] script '/home/hessahli/public_html/a_Staff.php' not found or unable to stat
[Wed Nov 05 22:06:49.106822 2025] [php7:error] [pid 19730] [client 10.212.134.2:60636] script '/home/hessahli/public_html/a_Athlete.php' not found or unable to stat
[Wed Nov 05 22:06:49.121008 2025] [php7:error] [pid 26867] [client 10.212.134.2:60634] script '/home/hessahli/public_html/a_InjRec.php' not found or unable to stat
[Wed Nov 05 22:06:49.122017 2025] [php7:error] [pid 26869] [client 10.212.134.2:60639] script '/home/hessahli/public_html/a_InjTyp.php' not found or unable to stat
[Wed Nov 05 22:08:23.087168 2025] [php7:error] [pid 18935] [client 10.212.134.2:60709] script '/home/ycao/public_html/tr_Team.php' not found or unable to stat
[Wed Nov 05 22:08:27.428282 2025] [php7:notice] [pid 15259] [client 10.212.134.2:60720] PHP Notice:  Undefined index: Team_name in /home/ycao/public_html/r_Team.php on line 88
[Wed Nov 05 22:08:27.428308 2025] [php7:notice] [pid 15259] [client 10.212.134.2:60720] PHP Notice:  Undefined index: Country in /home/ycao/public_html/r_Team.php on line 89
[Wed Nov 05 22:08:29.778466 2025] [php7:notice] [pid 15259] [client 10.212.134.2:60720] PHP Notice:  Undefined variable: error in /home/ycao/public_html/login.php on line 85, referer: http://10.60.36.1/~ycao/r_Team.php
[Wed Nov 05 22:09:10.259643 2025] [php7:notice] [pid 26868] [client 10.212.134.2:60744] PHP Notice:  Undefined variable: error in /home/ycao/public_html/login.php on line 85
[Wed Nov 05 22:09:22.358188 2025] [php7:notice] [pid 26866] [client 10.212.134.2:60765] PHP Notice:  Undefined index: Team_name in /home/ycao/public_html/r_Team.php on line 88
[Wed Nov 05 22:09:22.358207 2025] [php7:notice] [pid 26866] [client 10.212.134.2:60765] PHP Notice:  Undefined index: Country in /home/ycao/public_html/r_Team.php on line 89
