[Thu Nov 06 22:24:43.703718 2025] [php7:error] [pid 18189] [client 172.16.115.238:64726] PHP Fatal error:  Uncaught Error: Call to a member function prepare() on null in /home/mznaien/public_html/login.php:29\nStack trace:\n#0 {main}\n  thrown in /home/mznaien/public_html/login.php on line 29, referer: http://10.60.36.1/~mznaien/login.php
[Thu Nov 06 22:24:51.899057 2025] [php7:warn] [pid 26186] [client 172.16.115.238:64727] PHP Warning:  mysqli::__construct(): (HY000/1045): Access denied for user 'mznaien'@'clabsql' (using password: YES) in /home/mznaien/public_html/db_functions.php on line 9, referer: http://10.60.36.1/~mznaien/login.php
[Thu Nov 06 22:24:51.899110 2025] [php7:notice] [pid 26186] [client 172.16.115.238:64727] Database connection failed: Access denied for user 'mznaien'@'clabsql' (using password: YES), referer: http://10.60.36.1/~mznaien/login.php
[Thu Nov 06 22:24:51.899126 2025] [php7:error] [pid 26186] [client 172.16.115.238:64727] PHP Fatal error:  Uncaught Error: Call to a member function prepare() on null in /home/mznaien/public_html/login.php:29\nStack trace:\n#0 {main}\n  thrown in /home/mznaien/public_html/login.php on line 29, referer: http://10.60.36.1/~mznaien/login.php
[Thu Nov 06 22:24:56.996518 2025] [php7:warn] [pid 26188] [client 172.16.115.238:64728] PHP Warning:  mysqli::__construct(): (HY000/1045): Access denied for user 'mznaien'@'clabsql' (using password: YES) in /home/mznaien/public_html/db_functions.php on line 9, referer: http://10.60.36.1/~mznaien/login.php
[Thu Nov 06 22:24:56.996604 2025] [php7:notice] [pid 26188] [client 172.16.115.238:64728] Database connection failed: Access denied for user 'mznaien'@'clabsql' (using password: YES), referer: http://10.60.36.1/~mznaien/login.php
[Thu Nov 06 22:24:56.996623 2025] [php7:error] [pid 26188] [client 172.16.115.238:64728] PHP Fatal error:  Uncaught Error: Call to a member function prepare() on null in /home/mznaien/public_html/login.php:29\nStack trace:\n#0 {main}\n  thrown in /home/mznaien/public_html/login.php on line 29, referer: http://10.60.36.1/~mznaien/login.php
[Thu Nov 06 22:29:46.214274 2025] [php7:warn] [pid 22588] [client 172.16.115.238:64744] PHP Warning:  mysqli::__construct(): (HY000/1045): Access denied for user 'mznaien'@'clabsql' (using password: YES) in /home/mznaien/public_html/db_functions.php on line 9, referer: http://10.60.36.1/~mznaien/login.php
[Thu Nov 06 22:29:46.214321 2025] [php7:notice] [pid 22588] [client 172.16.115.238:64744] Database connection failed: Access denied for user 'mznaien'@'clabsql' (using password: YES), referer: http://10.60.36.1/~mznaien/login.php
[Thu Nov 06 22:39:14.873898 2025] [php7:warn] [pid 17692] [client 172.16.115.238:64808] PHP Warning:  mysqli::__construct(): (HY000/1045): Access denied for user 'mznaien'@'clabsql' (using password: YES) in /home/mznaien/public_html/db_functions.php on line 9, referer: http://10.60.36.1/~mznaien/login.php
[Thu Nov 06 22:39:14.874003 2025] [php7:notice] [pid 17692] [client 172.16.115.238:64808] Database connection failed: Access denied for user 'mznaien'@'clabsql' (using password: YES), referer: http://10.60.36.1/~mznaien/login.php
[Thu Nov 06 22:39:16.903499 2025] [php7:warn] [pid 17692] [client 172.16.115.238:64808] PHP Warning:  mysqli::__construct(): (HY000/1045): Access denied for user 'mznaien'@'clabsql' (using password: YES) in /home/mznaien/public_html/db_functions.php on line 9, referer: http://10.60.36.1/~mznaien/login.php
[Thu Nov 06 22:39:16.903536 2025] [php7:notice] [pid 17692] [client 172.16.115.238:64808] Database connection failed: Access denied for user 'mznaien'@'clabsql' (using password: YES), referer: http://10.60.36.1/~mznaien/login.php
[Thu Nov 06 22:39:22.671767 2025] [php7:warn] [pid 17692] [client 172.16.115.238:64808] PHP Warning:  mysqli::__construct(): (HY000/1045): Access denied for user 'mznaien'@'clabsql' (using password: YES) in /home/mznaien/public_html/db_functions.php on line 9, referer: http://10.60.36.1/~mznaien/login.php
[Thu Nov 06 22:39:22.671843 2025] [php7:notice] [pid 17692] [client 172.16.115.238:64808] Database connection failed: Access denied for user 'mznaien'@'clabsql' (using password: YES), referer: http://10.60.36.1/~mznaien/login.php
[Thu Nov 06 22:39:42.861395 2025] [php7:warn] [pid 26188] [client 172.16.115.238:64809] PHP Warning:  mysqli::__construct(): (HY000/1045): Access denied for user 'mznaien'@'clabsql' (using password: YES) in /home/mznaien/public_html/db_functions.php on line 9, referer: http://10.60.36.1/~mznaien/login.php
[Thu Nov 06 22:39:42.861503 2025] [php7:notice] [pid 26188] [client 172.16.115.238:64809] Database connection failed: Access denied for user 'mznaien'@'clabsql' (using password: YES), referer: http://10.60.36.1/~mznaien/login.php
[Thu Nov 06 22:43:04.552988 2025] [php7:warn] [pid 18311] [client 172.16.115.238:64827] PHP Warning:  mysqli::__construct(): (HY000/1045): Access denied for user 'mznaien'@'clabsql' (using password: YES) in /home/mznaien/public_html/db_functions.php on line 9, referer: http://10.60.36.1/~mznaien/login.php
[Thu Nov 06 22:43:04.553045 2025] [php7:notice] [pid 18311] [client 172.16.115.238:64827] Database connection failed: Access denied for user 'mznaien'@'clabsql' (using password: YES), referer: http://10.60.36.1/~mznaien/login.php
[Thu Nov 06 22:43:08.940948 2025] [php7:warn] [pid 18311] [client 172.16.115.238:64827] PHP Warning:  mysqli::__construct(): (HY000/1045): Access denied for user 'mznaien'@'clabsql' (using password: YES) in /home/mznaien/public_html/db_functions.php on line 9, referer: http://10.60.36.1/~mznaien/login.php
[Thu Nov 06 22:43:08.940997 2025] [php7:notice] [pid 18311] [client 172.16.115.238:64827] Database connection failed: Access denied for user 'mznaien'@'clabsql' (using password: YES), referer: http://10.60.36.1/~mznaien/login.php
[Thu Nov 06 22:43:13.877795 2025] [php7:warn] [pid 18311] [client 172.16.115.238:64827] PHP Warning:  mysqli::__construct(): (HY000/1045): Access denied for user 'mznaien'@'clabsql' (using password: YES) in /home/mznaien/public_html/db_functions.php on line 9, referer: http://10.60.36.1/~mznaien/login.php
[Thu Nov 06 22:43:13.877849 2025] [php7:notice] [pid 18311] [client 172.16.115.238:64827] Database connection failed: Access denied for user 'mznaien'@'clabsql' (using password: YES), referer: http://10.60.36.1/~mznaien/login.php
[Thu Nov 06 22:58:26.976885 2025] [core:alert] [pid 18189] [client 10.212.134.10:51279] /home/ajalilova/public_html/.htaccess: Options not allowed here
[Thu Nov 06 23:18:44.212240 2025] [php7:error] [pid 18311] [client 10.212.134.2:50196] script '/home/eyavuz/public_html/api/upcomingmatches.php' not found or unable to stat, referer: http://10.60.36.1/~eyavuz/
[Thu Nov 06 23:24:05.859608 2025] [php7:error] [pid 18189] [client 172.16.38.16:61381] script '/home/achernii/public_html/api/auth.php' not found or unable to stat, referer: http://10.60.36.1/~achernii/signin.html
[Thu Nov 06 23:24:09.025557 2025] [php7:warn] [pid 18189] [client 172.16.38.16:61381] PHP Warning:  require_once(../api/check_signin.php): failed to open stream: No such file or directory in /home/achernii/public_html/maintenance.php on line 1, referer: http://10.60.36.1/~achernii/index.html
[Thu Nov 06 23:24:09.025580 2025] [php7:error] [pid 18189] [client 172.16.38.16:61381] PHP Fatal error:  require_once(): Failed opening required '../api/check_signin.php' (include_path='.:/usr/share/php7:/usr/share/php7/PEAR') in /home/achernii/public_html/maintenance.php on line 1, referer: http://10.60.36.1/~achernii/index.html
[Thu Nov 06 23:24:28.209002 2025] [php7:error] [pid 17692] [client 10.212.134.2:58425] script '/home/eyavuz/public_html/api/upcomingmatches.php' not found or unable to stat, referer: http://10.60.36.1/~eyavuz/
[Thu Nov 06 23:25:03.187599 2025] [php7:warn] [pid 18311] [client 172.16.38.16:50678] PHP Warning:  require_once(../api/check_signin.php): failed to open stream: No such file or directory in /home/achernii/public_html/maintenance.php on line 1, referer: http://10.60.36.1/~achernii/index.html
[Thu Nov 06 23:25:03.187634 2025] [php7:error] [pid 18311] [client 172.16.38.16:50678] PHP Fatal error:  require_once(): Failed opening required '../api/check_signin.php' (include_path='.:/usr/share/php7:/usr/share/php7/PEAR') in /home/achernii/public_html/maintenance.php on line 1, referer: http://10.60.36.1/~achernii/index.html
[Thu Nov 06 23:25:19.449672 2025] [autoindex:error] [pid 17610] [client 10.212.134.2:60908] AH01276: Cannot serve directory /srv/www/htdocs/: No matching DirectoryIndex (index.html,index.html.var,index.php4,index.php5,index.php7,index.php) found, and server-generated directory index forbidden by Options directive, referer: http://10.60.36.1/~eyavuz/admin/login.php
[Thu Nov 06 23:25:35.570475 2025] [php7:warn] [pid 26188] [client 172.16.38.16:50583] PHP Warning:  require_once(../api/check_signin.php): failed to open stream: No such file or directory in /home/achernii/public_html/maintenance.php on line 1, referer: http://10.60.36.1/~achernii/index.html
[Thu Nov 06 23:25:35.570503 2025] [php7:error] [pid 26188] [client 172.16.38.16:50583] PHP Fatal error:  require_once(): Failed opening required '../api/check_signin.php' (include_path='.:/usr/share/php7:/usr/share/php7/PEAR') in /home/achernii/public_html/maintenance.php on line 1, referer: http://10.60.36.1/~achernii/index.html
[Thu Nov 06 23:27:20.327169 2025] [php7:warn] [pid 26867] [client 172.16.38.16:60634] PHP Warning:  require_once(../api/check_signin.php): failed to open stream: No such file or directory in /home/achernii/public_html/maintenance.php on line 1, referer: http://10.60.36.1/~achernii/index.html
[Thu Nov 06 23:27:20.327209 2025] [php7:error] [pid 26867] [client 172.16.38.16:60634] PHP Fatal error:  require_once(): Failed opening required '../api/check_signin.php' (include_path='.:/usr/share/php7:/usr/share/php7/PEAR') in /home/achernii/public_html/maintenance.php on line 1, referer: http://10.60.36.1/~achernii/index.html
[Thu Nov 06 23:27:25.122159 2025] [php7:warn] [pid 18265] [client 172.16.38.16:63519] PHP Warning:  require_once(../api/check_signin.php): failed to open stream: No such file or directory in /home/achernii/public_html/maintenance.php on line 1, referer: http://10.60.36.1/~achernii/imprint.html
[Thu Nov 06 23:27:25.122185 2025] [php7:error] [pid 18265] [client 172.16.38.16:63519] PHP Fatal error:  require_once(): Failed opening required '../api/check_signin.php' (include_path='.:/usr/share/php7:/usr/share/php7/PEAR') in /home/achernii/public_html/maintenance.php on line 1, referer: http://10.60.36.1/~achernii/imprint.html
[Thu Nov 06 23:38:50.520265 2025] [php7:error] [pid 18265] [client 10.212.134.2:63794] script '/home/eyavuz/public_html/api/upcomingmatches.php' not found or unable to stat, referer: http://10.60.36.1/~eyavuz/
[Thu Nov 06 23:43:28.037411 2025] [php7:error] [pid 17692] [client 172.16.38.16:55378] script '/home/achernii/public_html/api/auth.php' not found or unable to stat, referer: http://10.60.36.1/~achernii/signin.html?error=unauthorized&redirect=maintenance.php
[Thu Nov 06 23:43:29.389347 2025] [php7:error] [pid 17692] [client 172.16.38.16:55378] script '/home/achernii/public_html/api/auth.php' not found or unable to stat, referer: http://10.60.36.1/~achernii/signin.html?error=unauthorized&redirect=maintenance.php
[Thu Nov 06 23:43:41.650244 2025] [php7:error] [pid 17692] [client 172.16.38.16:55378] script '/home/achernii/public_html/api/auth.php' not found or unable to stat, referer: http://10.60.36.1/~achernii/signin.html?error=unauthorized&redirect=maintenance.php
[Thu Nov 06 23:49:09.763509 2025] [php7:error] [pid 18311] [client 10.212.134.2:55479] script '/home/eyavuz/public_html/api/upcomingmatches.php' not found or unable to stat, referer: http://10.60.36.1/~eyavuz/
[Thu Nov 06 23:56:57.851411 2025] [php7:error] [pid 26867] [client 10.212.134.2:60923] script '/home/eyavuz/public_html/api/upcomingmatches.php' not found or unable to stat, referer: http://10.60.36.1/~eyavuz/
[Fri Nov 07 00:02:58.021288 2025] [php7:error] [pid 18311] [client 10.212.134.2:63579] script '/home/eyavuz/public_html/api/upcomingmatches.php' not found or unable to stat, referer: http://10.60.36.1/~eyavuz/
[Fri Nov 07 00:07:32.474840 2025] [php7:error] [pid 18189] [client 10.212.134.2:56919] script '/home/eyavuz/public_html/api/upcomingmatches.php' not found or unable to stat, referer: http://10.60.36.1/~eyavuz/
[Fri Nov 07 00:07:36.384488 2025] [php7:error] [pid 18189] [client 10.212.134.2:56919] script '/home/eyavuz/public_html/admin/login.php' not found or unable to stat
[Fri Nov 07 00:07:37.397455 2025] [php7:error] [pid 18189] [client 10.212.134.2:56919] script '/home/eyavuz/public_html/admin/login.php' not found or unable to stat
[Fri Nov 07 00:08:50.971996 2025] [php7:error] [pid 22588] [client 10.212.134.2:60297] script '/home/eyavuz/public_html/api/upcomingmatches.php' not found or unable to stat, referer: http://10.60.36.1/~eyavuz/
[Fri Nov 07 00:10:12.846268 2025] [php7:error] [pid 17610] [client 10.212.134.2:56829] script '/home/eyavuz/public_html/api/upcomingmatches.php' not found or unable to stat, referer: http://10.60.36.1/~eyavuz/
[Sat Nov 08 11:37:20.770775 2025] [php7:notice] [pid 26188] [client 172.16.115.116:53621] PHP Notice:  Undefined variable: request_method in /home/gbrugnara/public_html/index.php on line 18, referer: https://10.60.36.1/~gbrugnara/login.php
[Sat Nov 08 11:37:20.771464 2025] [php7:warn] [pid 26188] [client 172.16.115.116:53621] PHP Warning:  file_put_contents(/home/gbrugnara/public_html/mainPage.log): failed to open stream: Permission denied in /home/gbrugnara/public_html/index.php on line 26, referer: https://10.60.36.1/~gbrugnara/login.php
[Sat Nov 08 11:41:43.899804 2025] [php7:notice] [pid 17610] [client 172.16.115.116:53662] PHP Notice:  Undefined variable: request_method in /home/gbrugnara/public_html/index.php on line 18, referer: https://10.60.36.1/~gbrugnara/login.php
[Sat Nov 08 11:41:43.900350 2025] [php7:warn] [pid 17610] [client 172.16.115.116:53662] PHP Warning:  file_put_contents(/home/gbrugnara/public_html/mainPage.log): failed to open stream: Permission denied in /home/gbrugnara/public_html/index.php on line 26, referer: https://10.60.36.1/~gbrugnara/login.php
[Sat Nov 08 11:52:16.367486 2025] [php7:notice] [pid 22588] [client 172.16.115.116:53738] PHP Notice:  Undefined variable: request_method in /home/gbrugnara/public_html/index.php on line 18, referer: https://10.60.36.1/~gbrugnara/login.php
[Sat Nov 08 11:52:16.367999 2025] [php7:warn] [pid 22588] [client 172.16.115.116:53738] PHP Warning:  file_put_contents(/home/gbrugnara/public_html/mainPage.log): failed to open stream: Permission denied in /home/gbrugnara/public_html/index.php on line 26, referer: https://10.60.36.1/~gbrugnara/login.php
[Sat Nov 08 11:55:52.344257 2025] [php7:notice] [pid 18189] [client 172.16.115.116:53773] PHP Notice:  Undefined variable: request_method in /home/gbrugnara/public_html/index.php on line 18, referer: https://10.60.36.1/~gbrugnara/login.php
[Sat Nov 08 11:55:52.344849 2025] [php7:warn] [pid 18189] [client 172.16.115.116:53773] PHP Warning:  file_put_contents(/home/gbrugnara/public_html/mainPage.log): failed to open stream: Permission denied in /home/gbrugnara/public_html/index.php on line 26, referer: https://10.60.36.1/~gbrugnara/login.php
[Sat Nov 08 11:57:18.752160 2025] [php7:notice] [pid 18311] [client 172.16.115.116:53794] PHP Notice:  Undefined variable: request_method in /home/gbrugnara/public_html/index.php on line 18, referer: https://10.60.36.1/~gbrugnara/login.php
[Sat Nov 08 11:57:18.752842 2025] [php7:warn] [pid 18311] [client 172.16.115.116:53794] PHP Warning:  file_put_contents(/home/gbrugnara/public_html/mainPage.log): failed to open stream: Permission denied in /home/gbrugnara/public_html/index.php on line 26, referer: https://10.60.36.1/~gbrugnara/login.php
[Sat Nov 08 11:57:21.480292 2025] [php7:notice] [pid 18311] [client 172.16.115.116:53794] PHP Notice:  Undefined variable: request_method in /home/gbrugnara/public_html/index.php on line 18, referer: https://10.60.36.1/~gbrugnara/login.php
[Sat Nov 08 11:57:21.480806 2025] [php7:warn] [pid 18311] [client 172.16.115.116:53794] PHP Warning:  file_put_contents(/home/gbrugnara/public_html/mainPage.log): failed to open stream: Permission denied in /home/gbrugnara/public_html/index.php on line 26, referer: https://10.60.36.1/~gbrugnara/login.php
[Sat Nov 08 11:57:29.448056 2025] [php7:notice] [pid 18311] [client 172.16.115.116:53794] PHP Notice:  Undefined variable: request_method in /home/gbrugnara/public_html/index.php on line 18, referer: https://10.60.36.1/~gbrugnara/login.php
[Sat Nov 08 11:57:29.448569 2025] [php7:warn] [pid 18311] [client 172.16.115.116:53794] PHP Warning:  file_put_contents(/home/gbrugnara/public_html/mainPage.log): failed to open stream: Permission denied in /home/gbrugnara/public_html/index.php on line 26, referer: https://10.60.36.1/~gbrugnara/login.php
[Sat Nov 08 11:59:01.030315 2025] [php7:notice] [pid 18329] [client 172.16.115.116:53820] PHP Notice:  Undefined variable: request_method in /home/gbrugnara/public_html/index.php on line 18
[Sat Nov 08 11:59:01.030810 2025] [php7:warn] [pid 18329] [client 172.16.115.116:53820] PHP Warning:  file_put_contents(/home/gbrugnara/public_html/mainPage.log): failed to open stream: Permission denied in /home/gbrugnara/public_html/index.php on line 26
[Sat Nov 08 11:59:19.388988 2025] [php7:notice] [pid 17692] [client 172.16.115.116:53823] PHP Notice:  Undefined variable: request_method in /home/gbrugnara/public_html/index.php on line 18, referer: https://10.60.36.1/~gbrugnara/index.php
[Sat Nov 08 11:59:19.389493 2025] [php7:warn] [pid 17692] [client 172.16.115.116:53823] PHP Warning:  file_put_contents(/home/gbrugnara/public_html/mainPage.log): failed to open stream: Permission denied in /home/gbrugnara/public_html/index.php on line 26, referer: https://10.60.36.1/~gbrugnara/index.php
[Sat Nov 08 11:59:26.499771 2025] [php7:notice] [pid 17692] [client 172.16.115.116:53823] PHP Notice:  Undefined variable: request_method in /home/gbrugnara/public_html/index.php on line 18, referer: https://10.60.36.1/~gbrugnara/index.php
[Sat Nov 08 11:59:26.500300 2025] [php7:warn] [pid 17692] [client 172.16.115.116:53823] PHP Warning:  file_put_contents(/home/gbrugnara/public_html/mainPage.log): failed to open stream: Permission denied in /home/gbrugnara/public_html/index.php on line 26, referer: https://10.60.36.1/~gbrugnara/index.php
[Sat Nov 08 11:59:33.258171 2025] [php7:notice] [pid 17692] [client 172.16.115.116:53823] PHP Notice:  Undefined variable: request_method in /home/gbrugnara/public_html/index.php on line 18, referer: https://10.60.36.1/~gbrugnara/index.php
[Sat Nov 08 11:59:33.258636 2025] [php7:warn] [pid 17692] [client 172.16.115.116:53823] PHP Warning:  file_put_contents(/home/gbrugnara/public_html/mainPage.log): failed to open stream: Permission denied in /home/gbrugnara/public_html/index.php on line 26, referer: https://10.60.36.1/~gbrugnara/index.php
[Sat Nov 08 11:59:41.442360 2025] [php7:notice] [pid 17692] [client 172.16.115.116:53823] PHP Notice:  Undefined variable: request_method in /home/gbrugnara/public_html/index.php on line 18, referer: https://10.60.36.1/~gbrugnara/index.php
[Sat Nov 08 11:59:41.442882 2025] [php7:warn] [pid 17692] [client 172.16.115.116:53823] PHP Warning:  file_put_contents(/home/gbrugnara/public_html/mainPage.log): failed to open stream: Permission denied in /home/gbrugnara/public_html/index.php on line 26, referer: https://10.60.36.1/~gbrugnara/index.php
[Sat Nov 08 12:00:08.206833 2025] [php7:notice] [pid 26186] [client 172.16.115.116:53833] PHP Notice:  Undefined variable: request_method in /home/gbrugnara/public_html/index.php on line 18, referer: https://10.60.36.1/~gbrugnara/index.php
[Sat Nov 08 12:00:08.207406 2025] [php7:warn] [pid 26186] [client 172.16.115.116:53833] PHP Warning:  file_put_contents(/home/gbrugnara/public_html/mainPage.log): failed to open stream: Permission denied in /home/gbrugnara/public_html/index.php on line 26, referer: https://10.60.36.1/~gbrugnara/index.php
[Sat Nov 08 12:04:06.225669 2025] [php7:warn] [pid 26867] [client 172.16.115.116:53852] PHP Warning:  file_put_contents(/home/gbrugnara/public_html/mainPage.log): failed to open stream: Permission denied in /home/gbrugnara/public_html/index.php on line 26, referer: https://10.60.36.1/~gbrugnara/index.php
[Sat Nov 08 12:04:12.306678 2025] [php7:warn] [pid 26867] [client 172.16.115.116:53852] PHP Warning:  file_put_contents(/home/gbrugnara/public_html/mainPage.log): failed to open stream: Permission denied in /home/gbrugnara/public_html/index.php on line 26, referer: https://10.60.36.1/~gbrugnara/index.php
[Sat Nov 08 12:04:17.664292 2025] [php7:warn] [pid 26867] [client 172.16.115.116:53852] PHP Warning:  file_put_contents(/home/gbrugnara/public_html/mainPage.log): failed to open stream: Permission denied in /home/gbrugnara/public_html/index.php on line 26, referer: https://10.60.36.1/~gbrugnara/index.php
[Sat Nov 08 12:04:23.586972 2025] [php7:warn] [pid 26867] [client 172.16.115.116:53852] PHP Warning:  file_put_contents(/home/gbrugnara/public_html/mainPage.log): failed to open stream: Permission denied in /home/gbrugnara/public_html/index.php on line 26, referer: https://10.60.36.1/~gbrugnara/login.php
[Sat Nov 08 12:08:04.297432 2025] [php7:warn] [pid 18329] [client 172.16.115.116:53899] PHP Warning:  file_put_contents(/home/gbrugnara/public_html/mainPage.log): failed to open stream: Permission denied in /home/gbrugnara/public_html/index.php on line 26, referer: https://10.60.36.1/~gbrugnara/login.php
[Sat Nov 08 12:08:05.152028 2025] [php7:warn] [pid 18329] [client 172.16.115.116:53899] PHP Warning:  file_put_contents(/home/gbrugnara/public_html/mainPage.log): failed to open stream: Permission denied in /home/gbrugnara/public_html/index.php on line 26, referer: https://10.60.36.1/~gbrugnara/login.php
[Sat Nov 08 12:08:10.407210 2025] [php7:warn] [pid 18329] [client 172.16.115.116:53899] PHP Warning:  file_put_contents(/home/gbrugnara/public_html/mainPage.log): failed to open stream: Permission denied in /home/gbrugnara/public_html/index.php on line 26, referer: https://10.60.36.1/~gbrugnara/index.php
[Sat Nov 08 12:08:15.693697 2025] [php7:warn] [pid 18329] [client 172.16.115.116:53899] PHP Warning:  file_put_contents(/home/gbrugnara/public_html/mainPage.log): failed to open stream: Permission denied in /home/gbrugnara/public_html/index.php on line 26, referer: https://10.60.36.1/~gbrugnara/index.php
[Sat Nov 08 12:08:19.310649 2025] [php7:warn] [pid 18329] [client 172.16.115.116:53899] PHP Warning:  file_put_contents(/home/gbrugnara/public_html/mainPage.log): failed to open stream: Permission denied in /home/gbrugnara/public_html/index.php on line 26, referer: https://10.60.36.1/~gbrugnara/imprint.hmtl
[Sun Nov 09 15:31:12.826499 2025] [php7:warn] [pid 26188] [client 172.16.38.11:53844] PHP Warning:  require_once(/home/rbelachew/public_html/../log_writer.php): failed to open stream: No such file or directory in /home/rbelachew/public_html/login.php on line 4, referer: https://clabsql.constructor.university/~rbelachew/index.php
[Sun Nov 09 15:31:12.826527 2025] [php7:error] [pid 26188] [client 172.16.38.11:53844] PHP Fatal error:  require_once(): Failed opening required '/home/rbelachew/public_html/../log_writer.php' (include_path='.:/usr/share/php7:/usr/share/php7/PEAR') in /home/rbelachew/public_html/login.php on line 4, referer: https://clabsql.constructor.university/~rbelachew/index.php
[Sun Nov 09 15:31:25.801186 2025] [php7:warn] [pid 17692] [client 172.16.38.11:53847] PHP Warning:  require_once(/home/rbelachew/public_html/../log_writer.php): failed to open stream: No such file or directory in /home/rbelachew/public_html/login.php on line 4, referer: https://clabsql.constructor.university/~rbelachew/index.php
[Sun Nov 09 15:31:25.801213 2025] [php7:error] [pid 17692] [client 172.16.38.11:53847] PHP Fatal error:  require_once(): Failed opening required '/home/rbelachew/public_html/../log_writer.php' (include_path='.:/usr/share/php7:/usr/share/php7/PEAR') in /home/rbelachew/public_html/login.php on line 4, referer: https://clabsql.constructor.university/~rbelachew/index.php
[Sun Nov 09 15:36:40.230352 2025] [php7:error] [pid 26188] [client 172.16.38.11:49631] PHP Fatal error:  Cannot redeclare parseAccessLine() (previously declared in /home/mgherasim/public_html/analyze_logs.php:6) in /home/mgherasim/public_html/analyze_logs.php on line 138
[Sun Nov 09 15:36:40.534031 2025] [php7:error] [pid 18311] [client 172.16.38.11:49632] PHP Fatal error:  Cannot redeclare parseAccessLine() (previously declared in /home/mgherasim/public_html/analyze_logs.php:6) in /home/mgherasim/public_html/analyze_logs.php on line 138
[Sun Nov 09 15:36:42.184788 2025] [php7:error] [pid 17692] [client 172.16.38.11:49633] PHP Fatal error:  Cannot redeclare parseAccessLine() (previously declared in /home/mgherasim/public_html/analyze_logs.php:6) in /home/mgherasim/public_html/analyze_logs.php on line 138
[Sun Nov 09 15:36:42.559828 2025] [php7:error] [pid 18265] [client 172.16.38.11:49634] PHP Fatal error:  Cannot redeclare parseAccessLine() (previously declared in /home/mgherasim/public_html/analyze_logs.php:6) in /home/mgherasim/public_html/analyze_logs.php on line 138
[Sun Nov 09 15:36:42.713443 2025] [php7:error] [pid 22588] [client 172.16.38.11:49635] PHP Fatal error:  Cannot redeclare parseAccessLine() (previously declared in /home/mgherasim/public_html/analyze_logs.php:6) in /home/mgherasim/public_html/analyze_logs.php on line 138
[Sun Nov 09 15:36:42.879727 2025] [php7:error] [pid 18329] [client 172.16.38.11:49636] PHP Fatal error:  Cannot redeclare parseAccessLine() (previously declared in /home/mgherasim/public_html/analyze_logs.php:6) in /home/mgherasim/public_html/analyze_logs.php on line 138
[Sun Nov 09 15:36:43.081264 2025] [php7:error] [pid 17610] [client 172.16.38.11:49637] PHP Fatal error:  Cannot redeclare parseAccessLine() (previously declared in /home/mgherasim/public_html/analyze_logs.php:6) in /home/mgherasim/public_html/analyze_logs.php on line 138
[Sun Nov 09 17:10:16.355523 2025] [core:alert] [pid 18265] [client 172.16.121.184:63165] /home/ajalilova/public_html/.htaccess: Options not allowed here
[Sun Nov 09 17:10:30.710960 2025] [core:alert] [pid 17610] [client 172.16.121.184:63169] /home/ajalilova/public_html/.htaccess: Options not allowed here
[Sun Nov 09 17:20:56.726224 2025] [core:crit] [pid 17692] (13)Permission denied: [client 172.16.121.184:63252] AH00529: /home/hessahli/public_html/img/.htaccess pcfg_openfile: unable to check htaccess file, ensure it is readable and that '/home/hessahli/public_html/img/' is executable, referer: http://10.60.36.1/~hessahli/maintenance.php
[Sun Nov 09 17:21:02.671917 2025] [core:crit] [pid 18311] (13)Permission denied: [client 172.16.121.184:63250] AH00529: /home/hessahli/public_html/img/.htaccess pcfg_openfile: unable to check htaccess file, ensure it is readable and that '/home/hessahli/public_html/img/' is executable, referer: http://10.60.36.1/~hessahli/index.html
[Sun Nov 09 17:21:29.539376 2025] [core:crit] [pid 18329] (13)Permission denied: [client 172.16.121.184:63253] AH00529: /home/hessahli/public_html/img/.htaccess pcfg_openfile: unable to check htaccess file, ensure it is readable and that '/home/hessahli/public_html/img/' is executable, referer: http://10.60.36.1/~hessahli/index.html?cat=&q=
[Sun Nov 09 17:23:02.750365 2025] [core:crit] [pid 18265] (13)Permission denied: [client 172.16.121.184:63270] AH00529: /home/hessahli/public_html/img/.htaccess pcfg_openfile: unable to check htaccess file, ensure it is readable and that '/home/hessahli/public_html/img/' is executable, referer: http://10.60.36.1/~hessahli/maintenance.php
[Sun Nov 09 17:23:05.522744 2025] [core:crit] [pid 18265] (13)Permission denied: [client 172.16.121.184:63270] AH00529: /home/hessahli/public_html/img/.htaccess pcfg_openfile: unable to check htaccess file, ensure it is readable and that '/home/hessahli/public_html/img/' is executable, referer: http://10.60.36.1/~hessahli/index.html
[Sun Nov 09 17:23:12.706103 2025] [core:crit] [pid 18265] (13)Permission denied: [client 172.16.121.184:63270] AH00529: /home/hessahli/public_html/img/.htaccess pcfg_openfile: unable to check htaccess file, ensure it is readable and that '/home/hessahli/public_html/img/' is executable, referer: http://10.60.36.1/~hessahli/index.html
[Sun Nov 09 17:23:15.320013 2025] [core:crit] [pid 18265] (13)Permission denied: [client 172.16.121.184:63270] AH00529: /home/hessahli/public_html/img/.htaccess pcfg_openfile: unable to check htaccess file, ensure it is readable and that '/home/hessahli/public_html/img/' is executable, referer: http://10.60.36.1/~hessahli/maintenance.php
[Mon Nov 10 15:23:59.499573 2025] [php7:warn] [pid 26867] [client 172.16.115.116:62397] PHP Warning:  file_put_contents(/home/gbrugnara/public_html/pagVisited.log): failed to open stream: Permission denied in /home/gbrugnara/public_html/logTracker.php on line 33, referer: https://10.60.36.1/~gbrugnara/index.php
[Mon Nov 10 15:23:59.500590 2025] [php7:notice] [pid 26867] [client 172.16.115.116:62397] PHP Notice:  Undefined variable: ip_address in /home/gbrugnara/public_html/index.php on line 62, referer: https://10.60.36.1/~gbrugnara/index.php
[Mon Nov 10 15:23:59.501048 2025] [php7:warn] [pid 26867] [client 172.16.115.116:62397] PHP Warning:  file_put_contents(/home/gbrugnara/public_html/eventTracker.log): failed to open stream: Permission denied in /home/gbrugnara/public_html/logTracker.php on line 54, referer: https://10.60.36.1/~gbrugnara/index.php
[Mon Nov 10 15:24:06.009364 2025] [php7:warn] [pid 26867] [client 172.16.115.116:62397] PHP Warning:  file_put_contents(/home/gbrugnara/public_html/pagVisited.log): failed to open stream: Permission denied in /home/gbrugnara/public_html/logTracker.php on line 33, referer: https://10.60.36.1/~gbrugnara/index.php
[Mon Nov 10 15:24:06.010410 2025] [php7:notice] [pid 26867] [client 172.16.115.116:62397] PHP Notice:  Undefined variable: ip_address in /home/gbrugnara/public_html/index.php on line 62, referer: https://10.60.36.1/~gbrugnara/index.php
[Mon Nov 10 15:24:06.010954 2025] [php7:warn] [pid 26867] [client 172.16.115.116:62397] PHP Warning:  file_put_contents(/home/gbrugnara/public_html/eventTracker.log): failed to open stream: Permission denied in /home/gbrugnara/public_html/logTracker.php on line 54, referer: https://10.60.36.1/~gbrugnara/index.php
[Mon Nov 10 15:24:11.889971 2025] [php7:warn] [pid 26867] [client 172.16.115.116:62397] PHP Warning:  file_put_contents(/home/gbrugnara/public_html/pagVisited.log): failed to open stream: Permission denied in /home/gbrugnara/public_html/logTracker.php on line 33, referer: https://10.60.36.1/~gbrugnara/index.php
[Mon Nov 10 15:24:11.890846 2025] [php7:notice] [pid 26867] [client 172.16.115.116:62397] PHP Notice:  Undefined variable: ip_address in /home/gbrugnara/public_html/index.php on line 65, referer: https://10.60.36.1/~gbrugnara/index.php
[Mon Nov 10 15:24:11.891366 2025] [php7:warn] [pid 26867] [client 172.16.115.116:62397] PHP Warning:  file_put_contents(/home/gbrugnara/public_html/eventTracker.log): failed to open stream: Permission denied in /home/gbrugnara/public_html/logTracker.php on line 54, referer: https://10.60.36.1/~gbrugnara/index.php
[Mon Nov 10 15:24:15.029833 2025] [php7:warn] [pid 18265] [client 172.16.115.116:62408] PHP Warning:  file_put_contents(/home/gbrugnara/public_html/pagVisited.log): failed to open stream: Permission denied in /home/gbrugnara/public_html/logTracker.php on line 33, referer: https://10.60.36.1/~gbrugnara/imprint.hmtl
[Mon Nov 10 15:24:16.887762 2025] [php7:warn] [pid 18265] [client 172.16.115.116:62408] PHP Warning:  file_put_contents(/home/gbrugnara/public_html/pagVisited.log): failed to open stream: Permission denied in /home/gbrugnara/public_html/logTracker.php on line 33, referer: https://10.60.36.1/~gbrugnara/imprint.hmtl
[Mon Nov 10 15:24:23.216410 2025] [php7:warn] [pid 18265] [client 172.16.115.116:62408] PHP Warning:  file_put_contents(/home/gbrugnara/public_html/pagVisited.log): failed to open stream: Permission denied in /home/gbrugnara/public_html/logTracker.php on line 33, referer: https://10.60.36.1/~gbrugnara/index.php
[Mon Nov 10 15:24:35.412832 2025] [php7:warn] [pid 18265] [client 172.16.115.116:62408] PHP Warning:  file_put_contents(/home/gbrugnara/public_html/pagVisited.log): failed to open stream: Permission denied in /home/gbrugnara/public_html/logTracker.php on line 33, referer: https://10.60.36.1/~gbrugnara/login.php
[Mon Nov 10 15:24:35.414452 2025] [php7:warn] [pid 18265] [client 172.16.115.116:62408] PHP Warning:  file_put_contents(/home/gbrugnara/public_html/eventTracker.log): failed to open stream: Permission denied in /home/gbrugnara/public_html/logTracker.php on line 54, referer: https://10.60.36.1/~gbrugnara/login.php
[Mon Nov 10 15:24:35.423879 2025] [php7:warn] [pid 18265] [client 172.16.115.116:62408] PHP Warning:  file_put_contents(/home/gbrugnara/public_html/pagVisited.log): failed to open stream: Permission denied in /home/gbrugnara/public_html/logTracker.php on line 33, referer: https://10.60.36.1/~gbrugnara/login.php
[Mon Nov 10 15:24:35.424551 2025] [php7:warn] [pid 18265] [client 172.16.115.116:62408] PHP Warning:  file_put_contents(/home/gbrugnara/public_html/eventTracker.log): failed to open stream: Permission denied in /home/gbrugnara/public_html/logTracker.php on line 54, referer: https://10.60.36.1/~gbrugnara/login.php
[Mon Nov 10 15:24:54.197710 2025] [php7:warn] [pid 26188] [client 172.16.115.116:62416] PHP Warning:  file_put_contents(/home/gbrugnara/public_html/pagVisited.log): failed to open stream: Permission denied in /home/gbrugnara/public_html/logTracker.php on line 33, referer: https://10.60.36.1/~gbrugnara/admin.php
[Mon Nov 10 15:24:54.198515 2025] [php7:warn] [pid 26188] [client 172.16.115.116:62416] PHP Warning:  file_put_contents(/home/gbrugnara/public_html/eventTracker.log): failed to open stream: Permission denied in /home/gbrugnara/public_html/logTracker.php on line 54, referer: https://10.60.36.1/~gbrugnara/admin.php
[Mon Nov 10 15:24:54.200312 2025] [php7:warn] [pid 26188] [client 172.16.115.116:62416] PHP Warning:  file_put_contents(/home/gbrugnara/public_html/eventTracker.log): failed to open stream: Permission denied in /home/gbrugnara/public_html/logTracker.php on line 54, referer: https://10.60.36.1/~gbrugnara/admin.php
[Mon Nov 10 15:24:54.200671 2025] [php7:warn] [pid 26188] [client 172.16.115.116:62416] PHP Warning:  file_put_contents(/home/gbrugnara/public_html/eventTracker.log): failed to open stream: Permission denied in /home/gbrugnara/public_html/logTracker.php on line 54, referer: https://10.60.36.1/~gbrugnara/admin.php
[Mon Nov 10 15:24:54.201091 2025] [php7:warn] [pid 26188] [client 172.16.115.116:62416] PHP Warning:  file_put_contents(/home/gbrugnara/public_html/eventTracker.log): failed to open stream: Permission denied in /home/gbrugnara/public_html/logTracker.php on line 54, referer: https://10.60.36.1/~gbrugnara/admin.php
[Mon Nov 10 15:24:54.201503 2025] [php7:warn] [pid 26188] [client 172.16.115.116:62416] PHP Warning:  file_put_contents(/home/gbrugnara/public_html/eventTracker.log): failed to open stream: Permission denied in /home/gbrugnara/public_html/logTracker.php on line 54, referer: https://10.60.36.1/~gbrugnara/admin.php
[Mon Nov 10 15:24:54.201869 2025] [php7:warn] [pid 26188] [client 172.16.115.116:62416] PHP Warning:  file_put_contents(/home/gbrugnara/public_html/eventTracker.log): failed to open stream: Permission denied in /home/gbrugnara/public_html/logTracker.php on line 54, referer: https://10.60.36.1/~gbrugnara/admin.php
[Mon Nov 10 15:24:54.202212 2025] [php7:warn] [pid 26188] [client 172.16.115.116:62416] PHP Warning:  file_put_contents(/home/gbrugnara/public_html/eventTracker.log): failed to open stream: Permission denied in /home/gbrugnara/public_html/logTracker.php on line 54, referer: https://10.60.36.1/~gbrugnara/admin.php
[Mon Nov 10 15:24:54.202573 2025] [php7:warn] [pid 26188] [client 172.16.115.116:62416] PHP Warning:  file_put_contents(/home/gbrugnara/public_html/eventTracker.log): failed to open stream: Permission denied in /home/gbrugnara/public_html/logTracker.php on line 54, referer: https://10.60.36.1/~gbrugnara/admin.php
[Mon Nov 10 15:24:54.202931 2025] [php7:warn] [pid 26188] [client 172.16.115.116:62416] PHP Warning:  file_put_contents(/home/gbrugnara/public_html/eventTracker.log): failed to open stream: Permission denied in /home/gbrugnara/public_html/logTracker.php on line 54, referer: https://10.60.36.1/~gbrugnara/admin.php
[Mon Nov 10 15:24:54.203270 2025] [php7:warn] [pid 26188] [client 172.16.115.116:62416] PHP Warning:  file_put_contents(/home/gbrugnara/public_html/eventTracker.log): failed to open stream: Permission denied in /home/gbrugnara/public_html/logTracker.php on line 54, referer: https://10.60.36.1/~gbrugnara/admin.php
[Mon Nov 10 15:24:54.203694 2025] [php7:warn] [pid 26188] [client 172.16.115.116:62416] PHP Warning:  file_put_contents(/home/gbrugnara/public_html/eventTracker.log): failed to open stream: Permission denied in /home/gbrugnara/public_html/logTracker.php on line 54, referer: https://10.60.36.1/~gbrugnara/admin.php
[Mon Nov 10 15:24:54.204078 2025] [php7:warn] [pid 26188] [client 172.16.115.116:62416] PHP Warning:  file_put_contents(/home/gbrugnara/public_html/eventTracker.log): failed to open stream: Permission denied in /home/gbrugnara/public_html/logTracker.php on line 54, referer: https://10.60.36.1/~gbrugnara/admin.php
[Mon Nov 10 15:24:54.204399 2025] [php7:warn] [pid 26188] [client 172.16.115.116:62416] PHP Warning:  file_put_contents(/home/gbrugnara/public_html/eventTracker.log): failed to open stream: Permission denied in /home/gbrugnara/public_html/logTracker.php on line 54, referer: https://10.60.36.1/~gbrugnara/admin.php
[Mon Nov 10 15:24:54.204711 2025] [php7:warn] [pid 26188] [client 172.16.115.116:62416] PHP Warning:  file_put_contents(/home/gbrugnara/public_html/eventTracker.log): failed to open stream: Permission denied in /home/gbrugnara/public_html/logTracker.php on line 54, referer: https://10.60.36.1/~gbrugnara/admin.php
[Mon Nov 10 15:24:54.205027 2025] [php7:warn] [pid 26188] [client 172.16.115.116:62416] PHP Warning:  file_put_contents(/home/gbrugnara/public_html/eventTracker.log): failed to open stream: Permission denied in /home/gbrugnara/public_html/logTracker.php on line 54, referer: https://10.60.36.1/~gbrugnara/admin.php
[Mon Nov 10 15:24:54.205353 2025] [php7:warn] [pid 26188] [client 172.16.115.116:62416] PHP Warning:  file_put_contents(/home/gbrugnara/public_html/eventTracker.log): failed to open stream: Permission denied in /home/gbrugnara/public_html/logTracker.php on line 54, referer: https://10.60.36.1/~gbrugnara/admin.php
[Mon Nov 10 15:24:54.205693 2025] [php7:warn] [pid 26188] [client 172.16.115.116:62416] PHP Warning:  file_put_contents(/home/gbrugnara/public_html/eventTracker.log): failed to open stream: Permission denied in /home/gbrugnara/public_html/logTracker.php on line 54, referer: https://10.60.36.1/~gbrugnara/admin.php
[Mon Nov 10 15:24:54.206040 2025] [php7:warn] [pid 26188] [client 172.16.115.116:62416] PHP Warning:  file_put_contents(/home/gbrugnara/public_html/eventTracker.log): failed to open stream: Permission denied in /home/gbrugnara/public_html/logTracker.php on line 54, referer: https://10.60.36.1/~gbrugnara/admin.php
[Mon Nov 10 15:24:54.206402 2025] [php7:warn] [pid 26188] [client 172.16.115.116:62416] PHP Warning:  file_put_contents(/home/gbrugnara/public_html/eventTracker.log): failed to open stream: Permission denied in /home/gbrugnara/public_html/logTracker.php on line 54, referer: https://10.60.36.1/~gbrugnara/admin.php
[Mon Nov 10 15:24:54.206750 2025] [php7:warn] [pid 26188] [client 172.16.115.116:62416] PHP Warning:  file_put_contents(/home/gbrugnara/public_html/eventTracker.log): failed to open stream: Permission denied in /home/gbrugnara/public_html/logTracker.php on line 54, referer: https://10.60.36.1/~gbrugnara/admin.php
[Mon Nov 10 15:24:54.207117 2025] [php7:warn] [pid 26188] [client 172.16.115.116:62416] PHP Warning:  file_put_contents(/home/gbrugnara/public_html/eventTracker.log): failed to open stream: Permission denied in /home/gbrugnara/public_html/logTracker.php on line 54, referer: https://10.60.36.1/~gbrugnara/admin.php
[Mon Nov 10 15:24:54.207494 2025] [php7:warn] [pid 26188] [client 172.16.115.116:62416] PHP Warning:  file_put_contents(/home/gbrugnara/public_html/eventTracker.log): failed to open stream: Permission denied in /home/gbrugnara/public_html/logTracker.php on line 54, referer: https://10.60.36.1/~gbrugnara/admin.php
[Mon Nov 10 15:24:54.207811 2025] [php7:warn] [pid 26188] [client 172.16.115.116:62416] PHP Warning:  file_put_contents(/home/gbrugnara/public_html/eventTracker.log): failed to open stream: Permission denied in /home/gbrugnara/public_html/logTracker.php on line 54, referer: https://10.60.36.1/~gbrugnara/admin.php
[Mon Nov 10 15:24:54.208185 2025] [php7:warn] [pid 26188] [client 172.16.115.116:62416] PHP Warning:  file_put_contents(/home/gbrugnara/public_html/eventTracker.log): failed to open stream: Permission denied in /home/gbrugnara/public_html/logTracker.php on line 54, referer: https://10.60.36.1/~gbrugnara/admin.php
[Mon Nov 10 15:24:54.208519 2025] [php7:warn] [pid 26188] [client 172.16.115.116:62416] PHP Warning:  file_put_contents(/home/gbrugnara/public_html/eventTracker.log): failed to open stream: Permission denied in /home/gbrugnara/public_html/logTracker.php on line 54, referer: https://10.60.36.1/~gbrugnara/admin.php
[Mon Nov 10 15:24:54.208835 2025] [php7:warn] [pid 26188] [client 172.16.115.116:62416] PHP Warning:  file_put_contents(/home/gbrugnara/public_html/eventTracker.log): failed to open stream: Permission denied in /home/gbrugnara/public_html/logTracker.php on line 54, referer: https://10.60.36.1/~gbrugnara/admin.php
[Mon Nov 10 15:24:54.209141 2025] [php7:warn] [pid 26188] [client 172.16.115.116:62416] PHP Warning:  file_put_contents(/home/gbrugnara/public_html/eventTracker.log): failed to open stream: Permission denied in /home/gbrugnara/public_html/logTracker.php on line 54, referer: https://10.60.36.1/~gbrugnara/admin.php
[Mon Nov 10 15:24:54.209483 2025] [php7:warn] [pid 26188] [client 172.16.115.116:62416] PHP Warning:  file_put_contents(/home/gbrugnara/public_html/eventTracker.log): failed to open stream: Permission denied in /home/gbrugnara/public_html/logTracker.php on line 54, referer: https://10.60.36.1/~gbrugnara/admin.php
[Mon Nov 10 15:24:54.209849 2025] [php7:warn] [pid 26188] [client 172.16.115.116:62416] PHP Warning:  file_put_contents(/home/gbrugnara/public_html/eventTracker.log): failed to open stream: Permission denied in /home/gbrugnara/public_html/logTracker.php on line 54, referer: https://10.60.36.1/~gbrugnara/admin.php
[Mon Nov 10 15:24:54.210154 2025] [php7:warn] [pid 26188] [client 172.16.115.116:62416] PHP Warning:  file_put_contents(/home/gbrugnara/public_html/eventTracker.log): failed to open stream: Permission denied in /home/gbrugnara/public_html/logTracker.php on line 54, referer: https://10.60.36.1/~gbrugnara/admin.php
[Mon Nov 10 15:24:54.210477 2025] [php7:warn] [pid 26188] [client 172.16.115.116:62416] PHP Warning:  file_put_contents(/home/gbrugnara/public_html/eventTracker.log): failed to open stream: Permission denied in /home/gbrugnara/public_html/logTracker.php on line 54, referer: https://10.60.36.1/~gbrugnara/admin.php
[Mon Nov 10 15:24:54.210796 2025] [php7:warn] [pid 26188] [client 172.16.115.116:62416] PHP Warning:  file_put_contents(/home/gbrugnara/public_html/eventTracker.log): failed to open stream: Permission denied in /home/gbrugnara/public_html/logTracker.php on line 54, referer: https://10.60.36.1/~gbrugnara/admin.php
[Mon Nov 10 15:24:54.211118 2025] [php7:warn] [pid 26188] [client 172.16.115.116:62416] PHP Warning:  file_put_contents(/home/gbrugnara/public_html/eventTracker.log): failed to open stream: Permission denied in /home/gbrugnara/public_html/logTracker.php on line 54, referer: https://10.60.36.1/~gbrugnara/admin.php
[Mon Nov 10 15:24:54.211438 2025] [php7:warn] [pid 26188] [client 172.16.115.116:62416] PHP Warning:  file_put_contents(/home/gbrugnara/public_html/eventTracker.log): failed to open stream: Permission denied in /home/gbrugnara/public_html/logTracker.php on line 54, referer: https://10.60.36.1/~gbrugnara/admin.php
[Mon Nov 10 15:24:54.211795 2025] [php7:warn] [pid 26188] [client 172.16.115.116:62416] PHP Warning:  file_put_contents(/home/gbrugnara/public_html/eventTracker.log): failed to open stream: Permission denied in /home/gbrugnara/public_html/logTracker.php on line 54, referer: https://10.60.36.1/~gbrugnara/admin.php
[Mon Nov 10 15:24:54.212105 2025] [php7:warn] [pid 26188] [client 172.16.115.116:62416] PHP Warning:  file_put_contents(/home/gbrugnara/public_html/eventTracker.log): failed to open stream: Permission denied in /home/gbrugnara/public_html/logTracker.php on line 54, referer: https://10.60.36.1/~gbrugnara/admin.php
[Mon Nov 10 15:24:54.212422 2025] [php7:warn] [pid 26188] [client 172.16.115.116:62416] PHP Warning:  file_put_contents(/home/gbrugnara/public_html/eventTracker.log): failed to open stream: Permission denied in /home/gbrugnara/public_html/logTracker.php on line 54, referer: https://10.60.36.1/~gbrugnara/admin.php
[Mon Nov 10 15:24:54.212728 2025] [php7:warn] [pid 26188] [client 172.16.115.116:62416] PHP Warning:  file_put_contents(/home/gbrugnara/public_html/eventTracker.log): failed to open stream: Permission denied in /home/gbrugnara/public_html/logTracker.php on line 54, referer: https://10.60.36.1/~gbrugnara/admin.php
[Mon Nov 10 15:24:54.213054 2025] [php7:warn] [pid 26188] [client 172.16.115.116:62416] PHP Warning:  file_put_contents(/home/gbrugnara/public_html/eventTracker.log): failed to open stream: Permission denied in /home/gbrugnara/public_html/logTracker.php on line 54, referer: https://10.60.36.1/~gbrugnara/admin.php
[Mon Nov 10 15:24:54.213367 2025] [php7:warn] [pid 26188] [client 172.16.115.116:62416] PHP Warning:  file_put_contents(/home/gbrugnara/public_html/eventTracker.log): failed to open stream: Permission denied in /home/gbrugnara/public_html/logTracker.php on line 54, referer: https://10.60.36.1/~gbrugnara/admin.php
[Mon Nov 10 15:24:54.213718 2025] [php7:warn] [pid 26188] [client 172.16.115.116:62416] PHP Warning:  file_put_contents(/home/gbrugnara/public_html/eventTracker.log): failed to open stream: Permission denied in /home/gbrugnara/public_html/logTracker.php on line 54, referer: https://10.60.36.1/~gbrugnara/admin.php
[Mon Nov 10 15:24:54.214044 2025] [php7:warn] [pid 26188] [client 172.16.115.116:62416] PHP Warning:  file_put_contents(/home/gbrugnara/public_html/eventTracker.log): failed to open stream: Permission denied in /home/gbrugnara/public_html/logTracker.php on line 54, referer: https://10.60.36.1/~gbrugnara/admin.php
[Mon Nov 10 15:24:54.214362 2025] [php7:warn] [pid 26188] [client 172.16.115.116:62416] PHP Warning:  file_put_contents(/home/gbrugnara/public_html/eventTracker.log): failed to open stream: Permission denied in /home/gbrugnara/public_html/logTracker.php on line 54, referer: https://10.60.36.1/~gbrugnara/admin.php
[Mon Nov 10 15:24:54.214672 2025] [php7:warn] [pid 26188] [client 172.16.115.116:62416] PHP Warning:  file_put_contents(/home/gbrugnara/public_html/eventTracker.log): failed to open stream: Permission denied in /home/gbrugnara/public_html/logTracker.php on line 54, referer: https://10.60.36.1/~gbrugnara/admin.php
[Mon Nov 10 15:24:54.214989 2025] [php7:warn] [pid 26188] [client 172.16.115.116:62416] PHP Warning:  file_put_contents(/home/gbrugnara/public_html/eventTracker.log): failed to open stream: Permission denied in /home/gbrugnara/public_html/logTracker.php on line 54, referer: https://10.60.36.1/~gbrugnara/admin.php
[Mon Nov 10 15:24:54.215315 2025] [php7:warn] [pid 26188] [client 172.16.115.116:62416] PHP Warning:  file_put_contents(/home/gbrugnara/public_html/eventTracker.log): failed to open stream: Permission denied in /home/gbrugnara/public_html/logTracker.php on line 54, referer: https://10.60.36.1/~gbrugnara/admin.php
[Mon Nov 10 15:24:54.215660 2025] [php7:warn] [pid 26188] [client 172.16.115.116:62416] PHP Warning:  file_put_contents(/home/gbrugnara/public_html/eventTracker.log): failed to open stream: Permission denied in /home/gbrugnara/public_html/logTracker.php on line 54, referer: https://10.60.36.1/~gbrugnara/admin.php
[Mon Nov 10 15:24:54.215973 2025] [php7:warn] [pid 26188] [client 172.16.115.116:62416] PHP Warning:  file_put_contents(/home/gbrugnara/public_html/eventTracker.log): failed to open stream: Permission denied in /home/gbrugnara/public_html/logTracker.php on line 54, referer: https://10.60.36.1/~gbrugnara/admin.php
[Mon Nov 10 15:24:54.216287 2025] [php7:warn] [pid 26188] [client 172.16.115.116:62416] PHP Warning:  file_put_contents(/home/gbrugnara/public_html/eventTracker.log): failed to open stream: Permission denied in /home/gbrugnara/public_html/logTracker.php on line 54, referer: https://10.60.36.1/~gbrugnara/admin.php
[Mon Nov 10 15:24:54.216621 2025] [php7:warn] [pid 26188] [client 172.16.115.116:62416] PHP Warning:  file_put_contents(/home/gbrugnara/public_html/eventTracker.log): failed to open stream: Permission denied in /home/gbrugnara/public_html/logTracker.php on line 54, referer: https://10.60.36.1/~gbrugnara/admin.php
